Archive member included to satisfy reference by file (symbol)

/usr/lib/gcc/arm-none-eabi/13.2.1/../../../arm-none-eabi/lib/thumb/v7-m/nofp/libc_nano.a(libc_a-init.o)
                              /usr/lib/gcc/arm-none-eabi/13.2.1/../../../arm-none-eabi/lib/thumb/v7-m/nofp/crt0.o (__libc_init_array)
/usr/lib/gcc/arm-none-eabi/13.2.1/../../../arm-none-eabi/lib/thumb/v7-m/nofp/libc_nano.a(libc_a-memset.o)
                              /usr/lib/gcc/arm-none-eabi/13.2.1/../../../arm-none-eabi/lib/thumb/v7-m/nofp/crt0.o (memset)
/usr/lib/gcc/arm-none-eabi/13.2.1/../../../arm-none-eabi/lib/thumb/v7-m/nofp/libc_nano.a(libc_a-exit.o)
                              /usr/lib/gcc/arm-none-eabi/13.2.1/../../../arm-none-eabi/lib/thumb/v7-m/nofp/crt0.o (exit)
/usr/lib/gcc/arm-none-eabi/13.2.1/../../../arm-none-eabi/lib/thumb/v7-m/nofp/libc_nano.a(libc_a-atexit.o)
                              /usr/lib/gcc/arm-none-eabi/13.2.1/../../../arm-none-eabi/lib/thumb/v7-m/nofp/crt0.o (atexit)
/usr/lib/gcc/arm-none-eabi/13.2.1/../../../arm-none-eabi/lib/thumb/v7-m/nofp/libc_nano.a(libc_a-fini.o)
                              /usr/lib/gcc/arm-none-eabi/13.2.1/../../../arm-none-eabi/lib/thumb/v7-m/nofp/crt0.o (__libc_fini_array)
/usr/lib/gcc/arm-none-eabi/13.2.1/../../../arm-none-eabi/lib/thumb/v7-m/nofp/libc_nano.a(libc_a-findfp.o)
                              /usr/lib/gcc/arm-none-eabi/13.2.1/../../../arm-none-eabi/lib/thumb/v7-m/nofp/libc_nano.a(libc_a-exit.o) (__stdio_exit_handler)
/usr/lib/gcc/arm-none-eabi/13.2.1/../../../arm-none-eabi/lib/thumb/v7-m/nofp/libc_nano.a(libc_a-fflush.o)
                              /usr/lib/gcc/arm-none-eabi/13.2.1/../../../arm-none-eabi/lib/thumb/v7-m/nofp/libc_nano.a(libc_a-findfp.o) (_fflush_r)
/usr/lib/gcc/arm-none-eabi/13.2.1/../../../arm-none-eabi/lib/thumb/v7-m/nofp/libc_nano.a(libc_a-mallocr.o)
                              /usr/lib/gcc/arm-none-eabi/13.2.1/../../../arm-none-eabi/lib/thumb/v7-m/nofp/libc_nano.a(libc_a-findfp.o) (_malloc_r)
/usr/lib/gcc/arm-none-eabi/13.2.1/../../../arm-none-eabi/lib/thumb/v7-m/nofp/libc_nano.a(libc_a-freer.o)
                              /usr/lib/gcc/arm-none-eabi/13.2.1/../../../arm-none-eabi/lib/thumb/v7-m/nofp/libc_nano.a(libc_a-fflush.o) (_free_r)
/usr/lib/gcc/arm-none-eabi/13.2.1/../../../arm-none-eabi/lib/thumb/v7-m/nofp/libc_nano.a(libc_a-fwalk.o)
                              /usr/lib/gcc/arm-none-eabi/13.2.1/../../../arm-none-eabi/lib/thumb/v7-m/nofp/libc_nano.a(libc_a-findfp.o) (_fwalk_sglue)
/usr/lib/gcc/arm-none-eabi/13.2.1/../../../arm-none-eabi/lib/thumb/v7-m/nofp/libc_nano.a(libc_a-__atexit.o)
                              /usr/lib/gcc/arm-none-eabi/13.2.1/../../../arm-none-eabi/lib/thumb/v7-m/nofp/libc_nano.a(libc_a-atexit.o) (__register_exitproc)
/usr/lib/gcc/arm-none-eabi/13.2.1/../../../arm-none-eabi/lib/thumb/v7-m/nofp/libc_nano.a(libc_a-mlock.o)
                              /usr/lib/gcc/arm-none-eabi/13.2.1/../../../arm-none-eabi/lib/thumb/v7-m/nofp/libc_nano.a(libc_a-mallocr.o) (__malloc_lock)
/usr/lib/gcc/arm-none-eabi/13.2.1/../../../arm-none-eabi/lib/thumb/v7-m/nofp/libc_nano.a(libc_a-sbrkr.o)
                              /usr/lib/gcc/arm-none-eabi/13.2.1/../../../arm-none-eabi/lib/thumb/v7-m/nofp/libc_nano.a(libc_a-mallocr.o) (_sbrk_r)
/usr/lib/gcc/arm-none-eabi/13.2.1/../../../arm-none-eabi/lib/thumb/v7-m/nofp/libc_nano.a(libc_a-stdio.o)
                              /usr/lib/gcc/arm-none-eabi/13.2.1/../../../arm-none-eabi/lib/thumb/v7-m/nofp/libc_nano.a(libc_a-findfp.o) (__sread)
/usr/lib/gcc/arm-none-eabi/13.2.1/../../../arm-none-eabi/lib/thumb/v7-m/nofp/libc_nano.a(libc_a-impure.o)
                              /usr/lib/gcc/arm-none-eabi/13.2.1/../../../arm-none-eabi/lib/thumb/v7-m/nofp/libc_nano.a(libc_a-fflush.o) (_impure_ptr)
/usr/lib/gcc/arm-none-eabi/13.2.1/../../../arm-none-eabi/lib/thumb/v7-m/nofp/libc_nano.a(libc_a-closer.o)
                              /usr/lib/gcc/arm-none-eabi/13.2.1/../../../arm-none-eabi/lib/thumb/v7-m/nofp/libc_nano.a(libc_a-stdio.o) (_close_r)
/usr/lib/gcc/arm-none-eabi/13.2.1/../../../arm-none-eabi/lib/thumb/v7-m/nofp/libc_nano.a(libc_a-__call_atexit.o)
                              /usr/lib/gcc/arm-none-eabi/13.2.1/../../../arm-none-eabi/lib/thumb/v7-m/nofp/libc_nano.a(libc_a-__atexit.o) (__call_exitprocs)
/usr/lib/gcc/arm-none-eabi/13.2.1/../../../arm-none-eabi/lib/thumb/v7-m/nofp/libc_nano.a(libc_a-readr.o)
                              /usr/lib/gcc/arm-none-eabi/13.2.1/../../../arm-none-eabi/lib/thumb/v7-m/nofp/libc_nano.a(libc_a-stdio.o) (_read_r)
/usr/lib/gcc/arm-none-eabi/13.2.1/../../../arm-none-eabi/lib/thumb/v7-m/nofp/libc_nano.a(libc_a-reent.o)
                              /usr/lib/gcc/arm-none-eabi/13.2.1/../../../arm-none-eabi/lib/thumb/v7-m/nofp/libc_nano.a(libc_a-sbrkr.o) (errno)
/usr/lib/gcc/arm-none-eabi/13.2.1/../../../arm-none-eabi/lib/thumb/v7-m/nofp/libc_nano.a(libc_a-lseekr.o)
[...]
Memory Configuration

Name             Origin             Length             Attributes
RAM              0x20000000         0x00005000         xrw
FLASH            0x08000000         0x00010000         xr
*default*        0x00000000         0xffffffff

Linker script and memory map

LOAD /usr/lib/gcc/arm-none-eabi/13.2.1/thumb/v7-m/nofp/crti.o
LOAD /usr/lib/gcc/arm-none-eabi/13.2.1/thumb/v7-m/nofp/crtbegin.o
LOAD /usr/lib/gcc/arm-none-eabi/13.2.1/../../../arm-none-eabi/lib/thumb/v7-m/nofp/crt0.o
START GROUP
LOAD /usr/lib/gcc/arm-none-eabi/13.2.1/../../../arm-none-eabi/lib/thumb/v7-m/nofp/libc_nano.a
LOAD /usr/lib/gcc/arm-none-eabi/13.2.1/../../../arm-none-eabi/lib/thumb/v7-m/nofp/libm.a
END GROUP
LOAD CMakeFiles/BNO_Experiment.dir/Core/Src/main.c.obj
LOAD CMakeFiles/BNO_Experiment.dir/Core/Src/gpio.c.obj
LOAD CMakeFiles/BNO_Experiment.dir/Core/Src/usart.c.obj
LOAD CMakeFiles/BNO_Experiment.dir/Core/Src/stm32f1xx_it.c.obj
LOAD CMakeFiles/BNO_Experiment.dir/Core/Src/stm32f1xx_hal_msp.c.obj
LOAD CMakeFiles/BNO_Experiment.dir/USB_DEVICE/App/usb_device.c.obj
LOAD CMakeFiles/BNO_Experiment.dir/USB_DEVICE/App/usbd_desc.c.obj
LOAD CMakeFiles/BNO_Experiment.dir/USB_DEVICE/App/usbd_cdc_if.c.obj
LOAD CMakeFiles/BNO_Experiment.dir/USB_DEVICE/Target/usbd_conf.c.obj
LOAD CMakeFiles/BNO_Experiment.dir/Drivers/STM32F1xx_HAL_Driver/Src/stm32f1xx_hal_gpio_ex.c.obj
LOAD CMakeFiles/BNO_Experiment.dir/Drivers/STM32F1xx_HAL_Driver/Src/stm32f1xx_hal_pcd.c.obj
LOAD CMakeFiles/BNO_Experiment.dir/Drivers/STM32F1xx_HAL_Driver/Src/stm32f1xx_hal_pcd_ex.c.obj
LOAD CMakeFiles/BNO_Experiment.dir/Drivers/STM32F1xx_HAL_Driver/Src/stm32f1xx_ll_usb.c.obj
LOAD CMakeFiles/BNO_Experiment.dir/Drivers/STM32F1xx_HAL_Driver/Src/stm32f1xx_hal.c.obj
LOAD CMakeFiles/BNO_Experiment.dir/Drivers/STM32F1xx_HAL_Driver/Src/stm32f1xx_hal_rcc.c.obj
LOAD CMakeFiles/BNO_Experiment.dir/Drivers/STM32F1xx_HAL_Driver/Src/stm32f1xx_hal_rcc_ex.c.obj
LOAD CMakeFiles/BNO_Experiment.dir/Drivers/STM32F1xx_HAL_Driver/Src/stm32f1xx_hal_gpio.c.obj
LOAD CMakeFiles/BNO_Experiment.dir/Drivers/STM32F1xx_HAL_Driver/Src/stm32f1xx_hal_dma.c.obj
LOAD CMakeFiles/BNO_Experiment.dir/Drivers/STM32F1xx_HAL_Driver/Src/stm32f1xx_hal_cortex.c.obj
LOAD CMakeFiles/BNO_Experiment.dir/Drivers/STM32F1xx_HAL_Driver/Src/stm32f1xx_hal_pwr.c.obj
LOAD CMakeFiles/BNO_Experiment.dir/Drivers/STM32F1xx_HAL_Driver/Src/stm32f1xx_hal_flash.c.obj
LOAD CMakeFiles/BNO_Experiment.dir/Drivers/STM32F1xx_HAL_Driver/Src/stm32f1xx_hal_flash_ex.c.obj
LOAD CMakeFiles/BNO_Experiment.dir/Drivers/STM32F1xx_HAL_Driver/Src/stm32f1xx_hal_exti.c.obj
LOAD CMakeFiles/BNO_Experiment.dir/Drivers/STM32F1xx_HAL_Driver/Src/stm32f1xx_hal_tim.c.obj
LOAD CMakeFiles/BNO_Experiment.dir/Drivers/STM32F1xx_HAL_Driver/Src/stm32f1xx_hal_tim_ex.c.obj
LOAD CMakeFiles/BNO_Experiment.dir/Drivers/STM32F1xx_HAL_Driver/Src/stm32f1xx_hal_uart.c.obj
LOAD CMakeFiles/BNO_Experiment.dir/Core/Src/system_stm32f1xx.c.obj
LOAD CMakeFiles/BNO_Experiment.dir/Middlewares/ST/STM32_USB_Device_Library/Core/Src/usbd_core.c.obj
LOAD CMakeFiles/BNO_Experiment.dir/Middlewares/ST/STM32_USB_Device_Library/Core/Src/usbd_ctlreq.c.obj
LOAD CMakeFiles/BNO_Experiment.dir/Middlewares/ST/STM32_USB_Device_Library/Core/Src/usbd_ioreq.c.obj
LOAD CMakeFiles/BNO_Experiment.dir/Middlewares/ST/STM32_USB_Device_Library/Class/CDC/Src/usbd_cdc.c.obj
LOAD CMakeFiles/BNO_Experiment.dir/Core/Src/sysmem.c.obj
LOAD CMakeFiles/BNO_Experiment.dir/Core/Src/syscalls.c.obj
LOAD CMakeFiles/BNO_Experiment.dir/startup_stm32f103xb.s.obj
START GROUP
LOAD /usr/lib/gcc/arm-none-eabi/13.2.1/thumb/v7-m/nofp/libgcc.a
LOAD /usr/lib/gcc/arm-none-eabi/13.2.1/../../../arm-none-eabi/lib/thumb/v7-m/nofp/libg_nano.a
LOAD /usr/lib/gcc/arm-none-eabi/13.2.1/../../../arm-none-eabi/lib/thumb/v7-m/nofp/libc_nano.a
END GROUP
START GROUP
LOAD /usr/lib/gcc/arm-none-eabi/13.2.1/thumb/v7-m/nofp/libgcc.a
LOAD /usr/lib/gcc/arm-none-eabi/13.2.1/../../../arm-none-eabi/lib/thumb/v7-m/nofp/libc_nano.a
END GROUP
LOAD /usr/lib/gcc/arm-none-eabi/13.2.1/thumb/v7-m/nofp/crtend.o
LOAD /usr/lib/gcc/arm-none-eabi/13.2.1/thumb/v7-m/nofp/crtn.o
                0x20005000                        _estack = (ORIGIN (RAM) + LENGTH (RAM))
                0x00000200                        _Min_Heap_Size = 0x200
                0x00000400                        _Min_Stack_Size = 0x400

.isr_vector     0x08000000      0x10c
                0x08000000                        . = ALIGN (0x4)
 *(.isr_vector)
 .isr_vector    0x08000000      0x10c CMakeFiles/BNO_Experiment.dir/startup_stm32f103xb.s.obj
                0x08000000                g_pfnVectors
                0x0800010c                        . = ALIGN (0x4)

.text           0x0800010c     0x77c0
                0x0800010c                        . = ALIGN (0x4)
 *(.text)
 .text          0x0800010c       0x88 /usr/lib/gcc/arm-none-eabi/13.2.1/thumb/v7-m/nofp/crtbegin.o
 .text          0x08000194       0x50 /usr/lib/gcc/arm-none-eabi/13.2.1/../../../arm-none-eabi/lib/thumb/v7-m/nofp/libc_nano.a(libc_a-init.o)
                0x08000194                __libc_init_array
 .text          0x080001e4       0xa0 /usr/lib/gcc/arm-none-eabi/13.2.1/../../../arm-none-eabi/lib/thumb/v7-m/nofp/libc_nano.a(libc_a-memset.o)
                0x080001e4                memset
 *(.text*)
 .text.main     0x08000284       0x1c CMakeFiles/BNO_Experiment.dir/Core/Src/main.c.obj
                0x08000284                main
 .text.SystemClock_Config
                0x080002a0       0xb4 CMakeFiles/BNO_Experiment.dir/Core/Src/main.c.obj
                0x080002a0                SystemClock_Config
 .text.Error_Handler
                0x08000354        0xc CMakeFiles/BNO_Experiment.dir/Core/Src/main.c.obj
                0x08000354                Error_Handler
 .text.MX_GPIO_Init
                0x08000360       0x98 CMakeFiles/BNO_Experiment.dir/Core/Src/gpio.c.obj
                0x08000360                MX_GPIO_Init
 .text.MX_USART3_UART_Init
                0x080003f8       0x54 CMakeFiles/BNO_Experiment.dir/Core/Src/usart.c.obj
                0x080003f8                MX_USART3_UART_Init
 .text.HAL_UART_MspInit
                0x0800044c       0x80 CMakeFiles/BNO_Experiment.dir/Core/Src/usart.c.obj
                0x0800044c                HAL_UART_MspInit
 .text.NMI_Handler
                0x080004cc        0x8 CMakeFiles/BNO_Experiment.dir/Core/Src/stm32f1xx_it.c.obj
                0x080004cc                NMI_Handler
 .text.HardFault_Handler
                0x080004d4        0x8 CMakeFiles/BNO_Experiment.dir/Core/Src/stm32f1xx_it.c.obj
                0x080004d4                HardFault_Handler
 .text.MemManage_Handler
                0x080004dc        0x8 CMakeFiles/BNO_Experiment.dir/Core/Src/stm32f1xx_it.c.obj
                0x080004dc                MemManage_Handler
 .text.BusFault_Handler
                0x080004e4        0x8 CMakeFiles/BNO_Experiment.dir/Core/Src/stm32f1xx_it.c.obj
                0x080004e4                BusFault_Handler
 .text.UsageFault_Handler
                0x080004ec        0x8 CMakeFiles/BNO_Experiment.dir/Core/Src/stm32f1xx_it.c.obj
                0x080004ec                UsageFault_Handler
 .text.SVC_Handler
                0x080004f4        0xc CMakeFiles/BNO_Experiment.dir/Core/Src/stm32f1xx_it.c.obj
                0x080004f4                SVC_Handler
 .text.DebugMon_Handler
                0x08000500        0xc CMakeFiles/BNO_Experiment.dir/Core/Src/stm32f1xx_it.c.obj
                0x08000500                DebugMon_Handler
 .text.PendSV_Handler
                0x0800050c        0xc CMakeFiles/BNO_Experiment.dir/Core/Src/stm32f1xx_it.c.obj
                0x0800050c                PendSV_Handler
 .text.SysTick_Handler
                0x08000518        0xc CMakeFiles/BNO_Experiment.dir/Core/Src/stm32f1xx_it.c.obj
                0x08000518                SysTick_Handler
 .text.USB_LP_CAN1_RX0_IRQHandler
                0x08000524       0x14 CMakeFiles/BNO_Experiment.dir/Core/Src/stm32f1xx_it.c.obj
                0x08000524                USB_LP_CAN1_RX0_IRQHandler
 .text.HAL_MspInit
                0x08000538       0x64 CMakeFiles/BNO_Experiment.dir/Core/Src/stm32f1xx_hal_msp.c.obj
                0x08000538                HAL_MspInit
 .text.MX_USB_DEVICE_Init
                0x0800059c       0x60 CMakeFiles/BNO_Experiment.dir/USB_DEVICE/App/usb_device.c.obj
                0x0800059c                MX_USB_DEVICE_Init
 .text.USBD_FS_DeviceDescriptor
                0x080005fc       0x24 CMakeFiles/BNO_Experiment.dir/USB_DEVICE/App/usbd_desc.c.obj
                0x080005fc                USBD_FS_DeviceDescriptor
 .text.USBD_FS_LangIDStrDescriptor
                0x08000620       0x24 CMakeFiles/BNO_Experiment.dir/USB_DEVICE/App/usbd_desc.c.obj
                0x08000620                USBD_FS_LangIDStrDescriptor
 .text.USBD_FS_ProductStrDescriptor
                0x08000644       0x3c CMakeFiles/BNO_Experiment.dir/USB_DEVICE/App/usbd_desc.c.obj
                0x08000644                USBD_FS_ProductStrDescriptor
 .text.USBD_FS_ManufacturerStrDescriptor
                0x08000680       0x28 CMakeFiles/BNO_Experiment.dir/USB_DEVICE/App/usbd_desc.c.obj
                0x08000680                USBD_FS_ManufacturerStrDescriptor
 .text.USBD_FS_SerialStrDescriptor
                0x080006a8       0x24 CMakeFiles/BNO_Experiment.dir/USB_DEVICE/App/usbd_desc.c.obj
                0x080006a8                USBD_FS_SerialStrDescriptor
 .text.USBD_FS_ConfigStrDescriptor
                0x080006cc       0x3c CMakeFiles/BNO_Experiment.dir/USB_DEVICE/App/usbd_desc.c.obj
                0x080006cc                USBD_FS_ConfigStrDescriptor
 .text.USBD_FS_InterfaceStrDescriptor
                0x08000708       0x3c CMakeFiles/BNO_Experiment.dir/USB_DEVICE/App/usbd_desc.c.obj
                0x08000708                USBD_FS_InterfaceStrDescriptor
 .text.Get_SerialNum
                0x08000744       0x58 CMakeFiles/BNO_Experiment.dir/USB_DEVICE/App/usbd_desc.c.obj
 .text.IntToUnicode
                0x0800079c       0x7c CMakeFiles/BNO_Experiment.dir/USB_DEVICE/App/usbd_desc.c.obj
 .text.CDC_Init_FS
                0x08000818       0x28 CMakeFiles/BNO_Experiment.dir/USB_DEVICE/App/usbd_cdc_if.c.obj
 .text.CDC_DeInit_FS
                0x08000840        0xe CMakeFiles/BNO_Experiment.dir/USB_DEVICE/App/usbd_cdc_if.c.obj
 *fill*         0x0800084e        0x2 
 .text.CDC_Control_FS
                0x08000850       0xbc CMakeFiles/BNO_Experiment.dir/USB_DEVICE/App/usbd_cdc_if.c.obj
 .text.CDC_Receive_FS
                0x0800090c       0x28 CMakeFiles/BNO_Experiment.dir/USB_DEVICE/App/usbd_cdc_if.c.obj
 .text.HAL_PCD_MspInit
                0x08000934       0x4c CMakeFiles/BNO_Experiment.dir/USB_DEVICE/Target/usbd_conf.c.obj
                0x08000934                HAL_PCD_MspInit
 .text.HAL_PCD_SetupStageCallback
                0x08000980       0x24 CMakeFiles/BNO_Experiment.dir/USB_DEVICE/Target/usbd_conf.c.obj
                0x08000980                HAL_PCD_SetupStageCallback
 .text.HAL_PCD_DataOutStageCallback
                0x080009a4       0x36 CMakeFiles/BNO_Experiment.dir/USB_DEVICE/Target/usbd_conf.c.obj
                0x080009a4                HAL_PCD_DataOutStageCallback
 .text.HAL_PCD_DataInStageCallback
                0x080009da       0x34 CMakeFiles/BNO_Experiment.dir/USB_DEVICE/Target/usbd_conf.c.obj
                0x080009da                HAL_PCD_DataInStageCallback
 .text.HAL_PCD_SOFCallback
                0x08000a0e       0x1c CMakeFiles/BNO_Experiment.dir/USB_DEVICE/Target/usbd_conf.c.obj
                0x08000a0e                HAL_PCD_SOFCallback
 .text.HAL_PCD_ResetCallback
                0x08000a2a       0x3c CMakeFiles/BNO_Experiment.dir/USB_DEVICE/Target/usbd_conf.c.obj
                0x08000a2a                HAL_PCD_ResetCallback
 *fill*         0x08000a66        0x2 
 .text.HAL_PCD_SuspendCallback
                0x08000a68       0x34 CMakeFiles/BNO_Experiment.dir/USB_DEVICE/Target/usbd_conf.c.obj
                0x08000a68                HAL_PCD_SuspendCallback
 .text.HAL_PCD_ResumeCallback
                0x08000a9c       0x1c CMakeFiles/BNO_Experiment.dir/USB_DEVICE/Target/usbd_conf.c.obj
                0x08000a9c                HAL_PCD_ResumeCallback
 .text.USBD_LL_Init
                0x08000ab8       0xb4 CMakeFiles/BNO_Experiment.dir/USB_DEVICE/Target/usbd_conf.c.obj
                0x08000ab8                USBD_LL_Init
 .text.USBD_LL_Start
                0x08000b6c       0x36 CMakeFiles/BNO_Experiment.dir/USB_DEVICE/Target/usbd_conf.c.obj
                0x08000b6c                USBD_LL_Start
 .text.USBD_LL_OpenEP
                0x08000ba2       0x4c CMakeFiles/BNO_Experiment.dir/USB_DEVICE/Target/usbd_conf.c.obj
                0x08000ba2                USBD_LL_OpenEP
 .text.USBD_LL_CloseEP
                0x08000bee       0x3e CMakeFiles/BNO_Experiment.dir/USB_DEVICE/Target/usbd_conf.c.obj
                0x08000bee                USBD_LL_CloseEP
 .text.USBD_LL_StallEP
                0x08000c2c       0x3e CMakeFiles/BNO_Experiment.dir/USB_DEVICE/Target/usbd_conf.c.obj
                0x08000c2c                USBD_LL_StallEP
 .text.USBD_LL_ClearStallEP
                0x08000c6a       0x3e CMakeFiles/BNO_Experiment.dir/USB_DEVICE/Target/usbd_conf.c.obj
                0x08000c6a                USBD_LL_ClearStallEP
 .text.USBD_LL_IsStallEP
                0x08000ca8       0x56 CMakeFiles/BNO_Experiment.dir/USB_DEVICE/Target/usbd_conf.c.obj
                0x08000ca8                USBD_LL_IsStallEP
 .text.USBD_LL_SetUSBAddress
                0x08000cfe       0x3e CMakeFiles/BNO_Experiment.dir/USB_DEVICE/Target/usbd_conf.c.obj
                0x08000cfe                USBD_LL_SetUSBAddress
 .text.USBD_LL_Transmit
                0x08000d3c       0x46 CMakeFiles/BNO_Experiment.dir/USB_DEVICE/Target/usbd_conf.c.obj
                0x08000d3c                USBD_LL_Transmit
 .text.USBD_LL_PrepareReceive
                0x08000d82       0x46 CMakeFiles/BNO_Experiment.dir/USB_DEVICE/Target/usbd_conf.c.obj
                0x08000d82                USBD_LL_PrepareReceive
 .text.USBD_LL_GetRxDataSize
                0x08000dc8       0x26 CMakeFiles/BNO_Experiment.dir/USB_DEVICE/Target/usbd_conf.c.obj
                0x08000dc8                USBD_LL_GetRxDataSize
 *fill*         0x08000dee        0x2 
 .text.USBD_static_malloc
                0x08000df0       0x18 CMakeFiles/BNO_Experiment.dir/USB_DEVICE/Target/usbd_conf.c.obj
                0x08000df0                USBD_static_malloc
 .text.USBD_static_free
                0x08000e08       0x12 CMakeFiles/BNO_Experiment.dir/USB_DEVICE/Target/usbd_conf.c.obj
                0x08000e08                USBD_static_free
 .text.HAL_PCDEx_SetConnectionState
                0x08000e1a       0x16 CMakeFiles/BNO_Experiment.dir/USB_DEVICE/Target/usbd_conf.c.obj
                0x08000e1a                HAL_PCDEx_SetConnectionState
 .text.USBD_Get_USB_Status
                0x08000e30       0x58 CMakeFiles/BNO_Experiment.dir/USB_DEVICE/Target/usbd_conf.c.obj
 .text.HAL_PCD_Init
                0x08000e88      0x1ec CMakeFiles/BNO_Experiment.dir/Drivers/STM32F1xx_HAL_Driver/Src/stm32f1xx_hal_pcd.c.obj
                0x08000e88                HAL_PCD_Init
 .text.HAL_PCD_Start
                0x08001074       0x4c CMakeFiles/BNO_Experiment.dir/Drivers/STM32F1xx_HAL_Driver/Src/stm32f1xx_hal_pcd.c.obj
                0x08001074                HAL_PCD_Start
 .text.HAL_PCD_IRQHandler
                0x080010c0      0x260 CMakeFiles/BNO_Experiment.dir/Drivers/STM32F1xx_HAL_Driver/Src/stm32f1xx_hal_pcd.c.obj
                0x080010c0                HAL_PCD_IRQHandler
 .text.HAL_PCD_SetAddress
                0x08001320       0x48 CMakeFiles/BNO_Experiment.dir/Drivers/STM32F1xx_HAL_Driver/Src/stm32f1xx_hal_pcd.c.obj
                0x08001320                HAL_PCD_SetAddress
 .text.HAL_PCD_EP_Open
                0x08001368       0xba CMakeFiles/BNO_Experiment.dir/Drivers/STM32F1xx_HAL_Driver/Src/stm32f1xx_hal_pcd.c.obj
                0x08001368                HAL_PCD_EP_Open
 .text.HAL_PCD_EP_Close
                0x08001422       0x90 CMakeFiles/BNO_Experiment.dir/Drivers/STM32F1xx_HAL_Driver/Src/stm32f1xx_hal_pcd.c.obj
                0x08001422                HAL_PCD_EP_Close
 .text.HAL_PCD_EP_Receive
                0x080014b2       0x62 CMakeFiles/BNO_Experiment.dir/Drivers/STM32F1xx_HAL_Driver/Src/stm32f1xx_hal_pcd.c.obj
                0x080014b2                HAL_PCD_EP_Receive
 .text.HAL_PCD_EP_GetRxCount
                0x08001514       0x2e CMakeFiles/BNO_Experiment.dir/Drivers/STM32F1xx_HAL_Driver/Src/stm32f1xx_hal_pcd.c.obj
                0x08001514                HAL_PCD_EP_GetRxCount
 .text.HAL_PCD_EP_Transmit
                0x08001542       0x6e CMakeFiles/BNO_Experiment.dir/Drivers/STM32F1xx_HAL_Driver/Src/stm32f1xx_hal_pcd.c.obj
                0x08001542                HAL_PCD_EP_Transmit
 .text.HAL_PCD_EP_SetStall
                0x080015b0       0xc0 CMakeFiles/BNO_Experiment.dir/Drivers/STM32F1xx_HAL_Driver/Src/stm32f1xx_hal_pcd.c.obj
                0x080015b0                HAL_PCD_EP_SetStall
 .text.HAL_PCD_EP_ClrStall
                0x08001670       0xa8 CMakeFiles/BNO_Experiment.dir/Drivers/STM32F1xx_HAL_Driver/Src/stm32f1xx_hal_pcd.c.obj
                0x08001670                HAL_PCD_EP_ClrStall
 .text.PCD_EP_ISR_Handler
                0x08001718      0x79e CMakeFiles/BNO_Experiment.dir/Drivers/STM32F1xx_HAL_Driver/Src/stm32f1xx_hal_pcd.c.obj
 .text.HAL_PCD_EP_DB_Receive
                0x08001eb6      0x21a CMakeFiles/BNO_Experiment.dir/Drivers/STM32F1xx_HAL_Driver/Src/stm32f1xx_hal_pcd.c.obj
 .text.HAL_PCD_EP_DB_Transmit
                0x080020d0      0x7f4 CMakeFiles/BNO_Experiment.dir/Drivers/STM32F1xx_HAL_Driver/Src/stm32f1xx_hal_pcd.c.obj
 .text.HAL_PCDEx_PMAConfig
                0x080028c4       0x84 CMakeFiles/BNO_Experiment.dir/Drivers/STM32F1xx_HAL_Driver/Src/stm32f1xx_hal_pcd_ex.c.obj
                0x080028c4                HAL_PCDEx_PMAConfig
 .text.USB_CoreInit
                0x08002948       0x1a CMakeFiles/BNO_Experiment.dir/Drivers/STM32F1xx_HAL_Driver/Src/stm32f1xx_ll_usb.c.obj
                0x08002948                USB_CoreInit
 .text.USB_EnableGlobalInt
                0x08002962       0x2c CMakeFiles/BNO_Experiment.dir/Drivers/STM32F1xx_HAL_Driver/Src/stm32f1xx_ll_usb.c.obj
                0x08002962                USB_EnableGlobalInt
 .text.USB_DisableGlobalInt
                0x0800298e       0x34 CMakeFiles/BNO_Experiment.dir/Drivers/STM32F1xx_HAL_Driver/Src/stm32f1xx_ll_usb.c.obj
                0x0800298e                USB_DisableGlobalInt
 .text.USB_SetCurrentMode
                0x080029c2       0x18 CMakeFiles/BNO_Experiment.dir/Drivers/STM32F1xx_HAL_Driver/Src/stm32f1xx_ll_usb.c.obj
                0x080029c2                USB_SetCurrentMode
 .text.USB_DevInit
                0x080029da       0x3a CMakeFiles/BNO_Experiment.dir/Drivers/STM32F1xx_HAL_Driver/Src/stm32f1xx_ll_usb.c.obj
                0x080029da                USB_DevInit
 .text.USB_ActivateEndpoint
                0x08002a14      0x780 CMakeFiles/BNO_Experiment.dir/Drivers/STM32F1xx_HAL_Driver/Src/stm32f1xx_ll_usb.c.obj
                0x08002a14                USB_ActivateEndpoint
 .text.USB_DeactivateEndpoint
                0x08003194      0x3d8 CMakeFiles/BNO_Experiment.dir/Drivers/STM32F1xx_HAL_Driver/Src/stm32f1xx_ll_usb.c.obj
                0x08003194                USB_DeactivateEndpoint
 .text.USB_EPStartXfer
                0x0800356c     0x1762 CMakeFiles/BNO_Experiment.dir/Drivers/STM32F1xx_HAL_Driver/Src/stm32f1xx_ll_usb.c.obj
                0x0800356c                USB_EPStartXfer
 .text.USB_EPSetStall
                0x08004cce       0xa0 CMakeFiles/BNO_Experiment.dir/Drivers/STM32F1xx_HAL_Driver/Src/stm32f1xx_ll_usb.c.obj
                0x08004cce                USB_EPSetStall
 .text.USB_EPClearStall
                0x08004d6e      0x15a CMakeFiles/BNO_Experiment.dir/Drivers/STM32F1xx_HAL_Driver/Src/stm32f1xx_ll_usb.c.obj
                0x08004d6e                USB_EPClearStall
 .text.USB_SetDevAddress
                0x08004ec8       0x26 CMakeFiles/BNO_Experiment.dir/Drivers/STM32F1xx_HAL_Driver/Src/stm32f1xx_ll_usb.c.obj
                0x08004ec8                USB_SetDevAddress
 .text.USB_DevConnect
                0x08004eee       0x14 CMakeFiles/BNO_Experiment.dir/Drivers/STM32F1xx_HAL_Driver/Src/stm32f1xx_ll_usb.c.obj
                0x08004eee                USB_DevConnect
 .text.USB_DevDisconnect
                0x08004f02       0x14 CMakeFiles/BNO_Experiment.dir/Drivers/STM32F1xx_HAL_Driver/Src/stm32f1xx_ll_usb.c.obj
                0x08004f02                USB_DevDisconnect
 .text.USB_ReadInterrupts
                0x08004f16       0x1e CMakeFiles/BNO_Experiment.dir/Drivers/STM32F1xx_HAL_Driver/Src/stm32f1xx_ll_usb.c.obj
                0x08004f16                USB_ReadInterrupts
 .text.USB_EP0_OutStart
                0x08004f34       0x16 CMakeFiles/BNO_Experiment.dir/Drivers/STM32F1xx_HAL_Driver/Src/stm32f1xx_ll_usb.c.obj
                0x08004f34                USB_EP0_OutStart
 .text.USB_WritePMA
                0x08004f4a       0x8c CMakeFiles/BNO_Experiment.dir/Drivers/STM32F1xx_HAL_Driver/Src/stm32f1xx_ll_usb.c.obj
                0x08004f4a                USB_WritePMA
 .text.USB_ReadPMA
                0x08004fd6       0x9e CMakeFiles/BNO_Experiment.dir/Drivers/STM32F1xx_HAL_Driver/Src/stm32f1xx_ll_usb.c.obj
                0x08004fd6                USB_ReadPMA
 .text.HAL_Init
                0x08005074       0x2c CMakeFiles/BNO_Experiment.dir/Drivers/STM32F1xx_HAL_Driver/Src/stm32f1xx_hal.c.obj
                0x08005074                HAL_Init
 .text.HAL_InitTick
                0x080050a0       0x60 CMakeFiles/BNO_Experiment.dir/Drivers/STM32F1xx_HAL_Driver/Src/stm32f1xx_hal.c.obj
                0x080050a0                HAL_InitTick
 .text.HAL_IncTick
                0x08005100       0x24 CMakeFiles/BNO_Experiment.dir/Drivers/STM32F1xx_HAL_Driver/Src/stm32f1xx_hal.c.obj
                0x08005100                HAL_IncTick
 .text.HAL_GetTick
                0x08005124       0x14 CMakeFiles/BNO_Experiment.dir/Drivers/STM32F1xx_HAL_Driver/Src/stm32f1xx_hal.c.obj
                0x08005124                HAL_GetTick
 .text.HAL_RCC_OscConfig
                0x08005138      0x504 CMakeFiles/BNO_Experiment.dir/Drivers/STM32F1xx_HAL_Driver/Src/stm32f1xx_hal_rcc.c.obj
                0x08005138                HAL_RCC_OscConfig
 .text.HAL_RCC_ClockConfig
                0x0800563c      0x1d4 CMakeFiles/BNO_Experiment.dir/Drivers/STM32F1xx_HAL_Driver/Src/stm32f1xx_hal_rcc.c.obj
                0x0800563c                HAL_RCC_ClockConfig
 .text.HAL_RCC_GetSysClockFreq
                0x08005810       0xa8 CMakeFiles/BNO_Experiment.dir/Drivers/STM32F1xx_HAL_Driver/Src/stm32f1xx_hal_rcc.c.obj
                0x08005810                HAL_RCC_GetSysClockFreq
 .text.HAL_RCC_GetHCLKFreq
                0x080058b8       0x14 CMakeFiles/BNO_Experiment.dir/Drivers/STM32F1xx_HAL_Driver/Src/stm32f1xx_hal_rcc.c.obj
                0x080058b8                HAL_RCC_GetHCLKFreq
 .text.HAL_RCC_GetPCLK1Freq
                0x080058cc       0x28 CMakeFiles/BNO_Experiment.dir/Drivers/STM32F1xx_HAL_Driver/Src/stm32f1xx_hal_rcc.c.obj
                0x080058cc                HAL_RCC_GetPCLK1Freq
 .text.HAL_RCC_GetPCLK2Freq
                0x080058f4       0x28 CMakeFiles/BNO_Experiment.dir/Drivers/STM32F1xx_HAL_Driver/Src/stm32f1xx_hal_rcc.c.obj
                0x080058f4                HAL_RCC_GetPCLK2Freq
 .text.RCC_Delay
                0x0800591c       0x3c CMakeFiles/BNO_Experiment.dir/Drivers/STM32F1xx_HAL_Driver/Src/stm32f1xx_hal_rcc.c.obj
 .text.HAL_RCCEx_PeriphCLKConfig
                0x08005958      0x16c CMakeFiles/BNO_Experiment.dir/Drivers/STM32F1xx_HAL_Driver/Src/stm32f1xx_hal_rcc_ex.c.obj
                0x08005958                HAL_RCCEx_PeriphCLKConfig
 .text.HAL_GPIO_Init
                0x08005ac4      0x308 CMakeFiles/BNO_Experiment.dir/Drivers/STM32F1xx_HAL_Driver/Src/stm32f1xx_hal_gpio.c.obj
                0x08005ac4                HAL_GPIO_Init
 .text.HAL_GPIO_WritePin
                0x08005dcc       0x30 CMakeFiles/BNO_Experiment.dir/Drivers/STM32F1xx_HAL_Driver/Src/stm32f1xx_hal_gpio.c.obj
                0x08005dcc                HAL_GPIO_WritePin
 .text.__NVIC_SetPriorityGrouping
                0x08005dfc       0x48 CMakeFiles/BNO_Experiment.dir/Drivers/STM32F1xx_HAL_Driver/Src/stm32f1xx_hal_cortex.c.obj
 .text.__NVIC_GetPriorityGrouping
                0x08005e44       0x1c CMakeFiles/BNO_Experiment.dir/Drivers/STM32F1xx_HAL_Driver/Src/stm32f1xx_hal_cortex.c.obj
 .text.__NVIC_EnableIRQ
                0x08005e60       0x38 CMakeFiles/BNO_Experiment.dir/Drivers/STM32F1xx_HAL_Driver/Src/stm32f1xx_hal_cortex.c.obj
 .text.__NVIC_SetPriority
                0x08005e98       0x54 CMakeFiles/BNO_Experiment.dir/Drivers/STM32F1xx_HAL_Driver/Src/stm32f1xx_hal_cortex.c.obj
 .text.NVIC_EncodePriority
                0x08005eec       0x64 CMakeFiles/BNO_Experiment.dir/Drivers/STM32F1xx_HAL_Driver/Src/stm32f1xx_hal_cortex.c.obj
 .text.SysTick_Config
                0x08005f50       0x44 CMakeFiles/BNO_Experiment.dir/Drivers/STM32F1xx_HAL_Driver/Src/stm32f1xx_hal_cortex.c.obj
 .text.HAL_NVIC_SetPriorityGrouping
                0x08005f94       0x16 CMakeFiles/BNO_Experiment.dir/Drivers/STM32F1xx_HAL_Driver/Src/stm32f1xx_hal_cortex.c.obj
                0x08005f94                HAL_NVIC_SetPriorityGrouping
 .text.HAL_NVIC_SetPriority
                0x08005faa       0x38 CMakeFiles/BNO_Experiment.dir/Drivers/STM32F1xx_HAL_Driver/Src/stm32f1xx_hal_cortex.c.obj
                0x08005faa                HAL_NVIC_SetPriority
 .text.HAL_NVIC_EnableIRQ
                0x08005fe2       0x1c CMakeFiles/BNO_Experiment.dir/Drivers/STM32F1xx_HAL_Driver/Src/stm32f1xx_hal_cortex.c.obj
                0x08005fe2                HAL_NVIC_EnableIRQ
 .text.HAL_SYSTICK_Config
                0x08005ffe       0x18 CMakeFiles/BNO_Experiment.dir/Drivers/STM32F1xx_HAL_Driver/Src/stm32f1xx_hal_cortex.c.obj
                0x08005ffe                HAL_SYSTICK_Config
 .text.HAL_HalfDuplex_Init
                0x08006016       0xb0 CMakeFiles/BNO_Experiment.dir/Drivers/STM32F1xx_HAL_Driver/Src/stm32f1xx_hal_uart.c.obj
                0x08006016                HAL_HalfDuplex_Init
 *fill*         0x080060c6        0x2 
 .text.UART_SetConfig
                0x080060c8      0x11c CMakeFiles/BNO_Experiment.dir/Drivers/STM32F1xx_HAL_Driver/Src/stm32f1xx_hal_uart.c.obj
 .text.SystemInit
                0x080061e4        0xc CMakeFiles/BNO_Experiment.dir/Core/Src/system_stm32f1xx.c.obj
                0x080061e4                SystemInit
 .text.USBD_Init
                0x080061f0       0x56 CMakeFiles/BNO_Experiment.dir/Middlewares/ST/STM32_USB_Device_Library/Core/Src/usbd_core.c.obj
                0x080061f0                USBD_Init
 .text.USBD_RegisterClass
                0x08006246       0x32 CMakeFiles/BNO_Experiment.dir/Middlewares/ST/STM32_USB_Device_Library/Core/Src/usbd_core.c.obj
                0x08006246                USBD_RegisterClass
 .text.USBD_Start
                0x08006278       0x18 CMakeFiles/BNO_Experiment.dir/Middlewares/ST/STM32_USB_Device_Library/Core/Src/usbd_core.c.obj
                0x08006278                USBD_Start
 .text.USBD_RunTestMode
                0x08006290       0x14 CMakeFiles/BNO_Experiment.dir/Middlewares/ST/STM32_USB_Device_Library/Core/Src/usbd_core.c.obj
                0x08006290                USBD_RunTestMode
 .text.USBD_SetClassConfig
                0x080062a4       0x3e CMakeFiles/BNO_Experiment.dir/Middlewares/ST/STM32_USB_Device_Library/Core/Src/usbd_core.c.obj
                0x080062a4                USBD_SetClassConfig
 .text.USBD_ClrClassConfig
                0x080062e2       0x26 CMakeFiles/BNO_Experiment.dir/Middlewares/ST/STM32_USB_Device_Library/Core/Src/usbd_core.c.obj
                0x080062e2                USBD_ClrClassConfig
 .text.USBD_LL_SetupStage
                0x08006308       0x9a CMakeFiles/BNO_Experiment.dir/Middlewares/ST/STM32_USB_Device_Library/Core/Src/usbd_core.c.obj
                0x08006308                USBD_LL_SetupStage
 .text.USBD_LL_DataOutStage
                0x080063a2       0xe2 CMakeFiles/BNO_Experiment.dir/Middlewares/ST/STM32_USB_Device_Library/Core/Src/usbd_core.c.obj
                0x080063a2                USBD_LL_DataOutStage
 .text.USBD_LL_DataInStage
                0x08006484      0x14a CMakeFiles/BNO_Experiment.dir/Middlewares/ST/STM32_USB_Device_Library/Core/Src/usbd_core.c.obj
                0x08006484                USBD_LL_DataInStage
 .text.USBD_LL_Reset
                0x080065ce       0x82 CMakeFiles/BNO_Experiment.dir/Middlewares/ST/STM32_USB_Device_Library/Core/Src/usbd_core.c.obj
                0x080065ce                USBD_LL_Reset
 .text.USBD_LL_SetSpeed
                0x08006650       0x1e CMakeFiles/BNO_Experiment.dir/Middlewares/ST/STM32_USB_Device_Library/Core/Src/usbd_core.c.obj
                0x08006650                USBD_LL_SetSpeed
 .text.USBD_LL_Suspend
                0x0800666e       0x28 CMakeFiles/BNO_Experiment.dir/Middlewares/ST/STM32_USB_Device_Library/Core/Src/usbd_core.c.obj
                0x0800666e                USBD_LL_Suspend
 .text.USBD_LL_Resume
                0x08006696       0x2a CMakeFiles/BNO_Experiment.dir/Middlewares/ST/STM32_USB_Device_Library/Core/Src/usbd_core.c.obj
                0x08006696                USBD_LL_Resume
 .text.USBD_LL_SOF
                0x080066c0       0x34 CMakeFiles/BNO_Experiment.dir/Middlewares/ST/STM32_USB_Device_Library/Core/Src/usbd_core.c.obj
                0x080066c0                USBD_LL_SOF
 .text.USBD_StdDevReq
                0x080066f4       0xd4 CMakeFiles/BNO_Experiment.dir/Middlewares/ST/STM32_USB_Device_Library/Core/Src/usbd_ctlreq.c.obj
                0x080066f4                USBD_StdDevReq
 .text.USBD_StdItfReq
                0x080067c8       0x90 CMakeFiles/BNO_Experiment.dir/Middlewares/ST/STM32_USB_Device_Library/Core/Src/usbd_ctlreq.c.obj
                0x080067c8                USBD_StdItfReq
 .text.USBD_StdEPReq
                0x08006858      0x2c6 CMakeFiles/BNO_Experiment.dir/Middlewares/ST/STM32_USB_Device_Library/Core/Src/usbd_ctlreq.c.obj
                0x08006858                USBD_StdEPReq
 *fill*         0x08006b1e        0x2 
 .text.USBD_GetDescriptor
                0x08006b20      0x2d0 CMakeFiles/BNO_Experiment.dir/Middlewares/ST/STM32_USB_Device_Library/Core/Src/usbd_ctlreq.c.obj
 .text.USBD_SetAddress
                0x08006df0       0x86 CMakeFiles/BNO_Experiment.dir/Middlewares/ST/STM32_USB_Device_Library/Core/Src/usbd_ctlreq.c.obj
 *fill*         0x08006e76        0x2 
 .text.USBD_SetConfig
                0x08006e78      0x11c CMakeFiles/BNO_Experiment.dir/Middlewares/ST/STM32_USB_Device_Library/Core/Src/usbd_ctlreq.c.obj
 .text.USBD_GetConfig
                0x08006f94       0x6a CMakeFiles/BNO_Experiment.dir/Middlewares/ST/STM32_USB_Device_Library/Core/Src/usbd_ctlreq.c.obj
 .text.USBD_GetStatus
                0x08006ffe       0x66 CMakeFiles/BNO_Experiment.dir/Middlewares/ST/STM32_USB_Device_Library/Core/Src/usbd_ctlreq.c.obj
 .text.USBD_SetFeature
                0x08007064       0x28 CMakeFiles/BNO_Experiment.dir/Middlewares/ST/STM32_USB_Device_Library/Core/Src/usbd_ctlreq.c.obj
 .text.USBD_ClrFeature
                0x0800708c       0x42 CMakeFiles/BNO_Experiment.dir/Middlewares/ST/STM32_USB_Device_Library/Core/Src/usbd_ctlreq.c.obj
 .text.USBD_ParseSetupRequest
                0x080070ce       0x72 CMakeFiles/BNO_Experiment.dir/Middlewares/ST/STM32_USB_Device_Library/Core/Src/usbd_ctlreq.c.obj
                0x080070ce                USBD_ParseSetupRequest
 .text.USBD_CtlError
                0x08007140       0x22 CMakeFiles/BNO_Experiment.dir/Middlewares/ST/STM32_USB_Device_Library/Core/Src/usbd_ctlreq.c.obj
                0x08007140                USBD_CtlError
 .text.USBD_GetString
                0x08007162       0x84 CMakeFiles/BNO_Experiment.dir/Middlewares/ST/STM32_USB_Device_Library/Core/Src/usbd_ctlreq.c.obj
                0x08007162                USBD_GetString
 .text.USBD_GetLen
                0x080071e6       0x2e CMakeFiles/BNO_Experiment.dir/Middlewares/ST/STM32_USB_Device_Library/Core/Src/usbd_ctlreq.c.obj
 .text.USBD_CtlSendData
                0x08007214       0x38 CMakeFiles/BNO_Experiment.dir/Middlewares/ST/STM32_USB_Device_Library/Core/Src/usbd_ioreq.c.obj
                0x08007214                USBD_CtlSendData
 .text.USBD_CtlContinueSendData
                0x0800724c       0x24 CMakeFiles/BNO_Experiment.dir/Middlewares/ST/STM32_USB_Device_Library/Core/Src/usbd_ioreq.c.obj
                0x0800724c                USBD_CtlContinueSendData
 .text.USBD_CtlPrepareRx
                0x08007270       0x3c CMakeFiles/BNO_Experiment.dir/Middlewares/ST/STM32_USB_Device_Library/Core/Src/usbd_ioreq.c.obj
                0x08007270                USBD_CtlPrepareRx
 .text.USBD_CtlContinueRx
                0x080072ac       0x24 CMakeFiles/BNO_Experiment.dir/Middlewares/ST/STM32_USB_Device_Library/Core/Src/usbd_ioreq.c.obj
                0x080072ac                USBD_CtlContinueRx
 .text.USBD_CtlSendStatus
                0x080072d0       0x26 CMakeFiles/BNO_Experiment.dir/Middlewares/ST/STM32_USB_Device_Library/Core/Src/usbd_ioreq.c.obj
                0x080072d0                USBD_CtlSendStatus
 .text.USBD_CtlReceiveStatus
                0x080072f6       0x26 CMakeFiles/BNO_Experiment.dir/Middlewares/ST/STM32_USB_Device_Library/Core/Src/usbd_ioreq.c.obj
                0x080072f6                USBD_CtlReceiveStatus
 .text.USBD_CDC_Init
                0x0800731c       0xf4 CMakeFiles/BNO_Experiment.dir/Middlewares/ST/STM32_USB_Device_Library/Class/CDC/Src/usbd_cdc.c.obj
 .text.USBD_CDC_DeInit
                0x08007410       0x6e CMakeFiles/BNO_Experiment.dir/Middlewares/ST/STM32_USB_Device_Library/Class/CDC/Src/usbd_cdc.c.obj
 .text.USBD_CDC_Setup
                0x0800747e      0x146 CMakeFiles/BNO_Experiment.dir/Middlewares/ST/STM32_USB_Device_Library/Class/CDC/Src/usbd_cdc.c.obj
 .text.USBD_CDC_DataIn
                0x080075c4       0xa6 CMakeFiles/BNO_Experiment.dir/Middlewares/ST/STM32_USB_Device_Library/Class/CDC/Src/usbd_cdc.c.obj
 .text.USBD_CDC_DataOut
                0x0800766a       0x56 CMakeFiles/BNO_Experiment.dir/Middlewares/ST/STM32_USB_Device_Library/Class/CDC/Src/usbd_cdc.c.obj
 .text.USBD_CDC_EP0_RxReady
                0x080076c0       0x4e CMakeFiles/BNO_Experiment.dir/Middlewares/ST/STM32_USB_Device_Library/Class/CDC/Src/usbd_cdc.c.obj
 *fill*         0x0800770e        0x2 
 .text.USBD_CDC_GetFSCfgDesc
                0x08007710       0x20 CMakeFiles/BNO_Experiment.dir/Middlewares/ST/STM32_USB_Device_Library/Class/CDC/Src/usbd_cdc.c.obj
 .text.USBD_CDC_GetHSCfgDesc
                0x08007730       0x20 CMakeFiles/BNO_Experiment.dir/Middlewares/ST/STM32_USB_Device_Library/Class/CDC/Src/usbd_cdc.c.obj
 .text.USBD_CDC_GetOtherSpeedCfgDesc
                0x08007750       0x20 CMakeFiles/BNO_Experiment.dir/Middlewares/ST/STM32_USB_Device_Library/Class/CDC/Src/usbd_cdc.c.obj
 .text.USBD_CDC_GetDeviceQualifierDescriptor
                0x08007770       0x20 CMakeFiles/BNO_Experiment.dir/Middlewares/ST/STM32_USB_Device_Library/Class/CDC/Src/usbd_cdc.c.obj
                0x08007770                USBD_CDC_GetDeviceQualifierDescriptor
 .text.USBD_CDC_RegisterInterface
                0x08007790       0x2c CMakeFiles/BNO_Experiment.dir/Middlewares/ST/STM32_USB_Device_Library/Class/CDC/Src/usbd_cdc.c.obj
                0x08007790                USBD_CDC_RegisterInterface
 .text.USBD_CDC_SetTxBuffer
                0x080077bc       0x32 CMakeFiles/BNO_Experiment.dir/Middlewares/ST/STM32_USB_Device_Library/Class/CDC/Src/usbd_cdc.c.obj
                0x080077bc                USBD_CDC_SetTxBuffer
 .text.USBD_CDC_SetRxBuffer
                0x080077ee       0x26 CMakeFiles/BNO_Experiment.dir/Middlewares/ST/STM32_USB_Device_Library/Class/CDC/Src/usbd_cdc.c.obj
                0x080077ee                USBD_CDC_SetRxBuffer
 .text.USBD_CDC_ReceivePacket
                0x08007814       0x54 CMakeFiles/BNO_Experiment.dir/Middlewares/ST/STM32_USB_Device_Library/Class/CDC/Src/usbd_cdc.c.obj
                0x08007814                USBD_CDC_ReceivePacket
 .text.Reset_Handler
                0x08007868       0x48 CMakeFiles/BNO_Experiment.dir/startup_stm32f103xb.s.obj
                0x08007868                Reset_Handler
 .text.Default_Handler
                0x080078b0        0x2 CMakeFiles/BNO_Experiment.dir/startup_stm32f103xb.s.obj
                0x080078b0                RTC_Alarm_IRQHandler
                0x080078b0                EXTI2_IRQHandler
                0x080078b0                TIM1_CC_IRQHandler
                0x080078b0                PVD_IRQHandler
                0x080078b0                EXTI3_IRQHandler
                0x080078b0                EXTI0_IRQHandler
                0x080078b0                I2C2_EV_IRQHandler
                0x080078b0                ADC1_2_IRQHandler
                0x080078b0                SPI1_IRQHandler
                0x080078b0                TAMPER_IRQHandler
                0x080078b0                DMA1_Channel4_IRQHandler
                0x080078b0                USART3_IRQHandler
                0x080078b0                RTC_IRQHandler
                0x080078b0                DMA1_Channel7_IRQHandler
                0x080078b0                CAN1_RX1_IRQHandler
                0x080078b0                TIM4_IRQHandler
                0x080078b0                I2C1_EV_IRQHandler
                0x080078b0                DMA1_Channel6_IRQHandler
                0x080078b0                TIM3_IRQHandler
                0x080078b0                RCC_IRQHandler
                0x080078b0                TIM1_TRG_COM_IRQHandler
                0x080078b0                DMA1_Channel1_IRQHandler
                0x080078b0                Default_Handler
                0x080078b0                EXTI15_10_IRQHandler
                0x080078b0                EXTI9_5_IRQHandler
                0x080078b0                SPI2_IRQHandler
                0x080078b0                DMA1_Channel5_IRQHandler
                0x080078b0                EXTI4_IRQHandler
                0x080078b0                USB_HP_CAN1_TX_IRQHandler
                0x080078b0                DMA1_Channel3_IRQHandler
                0x080078b0                TIM1_UP_IRQHandler
                0x080078b0                WWDG_IRQHandler
                0x080078b0                TIM2_IRQHandler
                0x080078b0                TIM1_BRK_IRQHandler
                0x080078b0                EXTI1_IRQHandler
                0x080078b0                USART2_IRQHandler
                0x080078b0                I2C2_ER_IRQHandler
                0x080078b0                DMA1_Channel2_IRQHandler
                0x080078b0                CAN1_SCE_IRQHandler
                0x080078b0                FLASH_IRQHandler
                0x080078b0                USART1_IRQHandler
                0x080078b0                I2C1_ER_IRQHandler
                0x080078b0                USBWakeUp_IRQHandler
 *(.glue_7)
 .glue_7        0x080078b2        0x0 linker stubs
 *(.glue_7t)
 .glue_7t       0x080078b2        0x0 linker stubs
 *(.eh_frame)
 *fill*         0x080078b2        0x2 
 .eh_frame      0x080078b4        0x0 /usr/lib/gcc/arm-none-eabi/13.2.1/thumb/v7-m/nofp/crtbegin.o
 *(.init)
 .init          0x080078b4        0x4 /usr/lib/gcc/arm-none-eabi/13.2.1/thumb/v7-m/nofp/crti.o
                0x080078b4                _init
 .init          0x080078b8        0x8 /usr/lib/gcc/arm-none-eabi/13.2.1/thumb/v7-m/nofp/crtn.o
 *(.fini)
 .fini          0x080078c0        0x4 /usr/lib/gcc/arm-none-eabi/13.2.1/thumb/v7-m/nofp/crti.o
                0x080078c0                _fini
 .fini          0x080078c4        0x8 /usr/lib/gcc/arm-none-eabi/13.2.1/thumb/v7-m/nofp/crtn.o
                0x080078cc                        . = ALIGN (0x4)
                0x080078cc                        _etext = .

.vfp11_veneer   0x080078cc        0x0
 .vfp11_veneer  0x080078cc        0x0 linker stubs

.v4_bx          0x080078cc        0x0
 .v4_bx         0x080078cc        0x0 linker stubs

.iplt           0x080078cc        0x0
 .iplt          0x080078cc        0x0 /usr/lib/gcc/arm-none-eabi/13.2.1/thumb/v7-m/nofp/crtbegin.o

.rodata         0x080078cc       0x74
                0x080078cc                        . = ALIGN (0x4)
 *(.rodata)
 .rodata        0x080078cc       0x46 CMakeFiles/BNO_Experiment.dir/USB_DEVICE/App/usbd_desc.c.obj
 *(.rodata*)
 *fill*         0x08007912        0x2 
 .rodata.aPLLMULFactorTable.1
                0x08007914       0x10 CMakeFiles/BNO_Experiment.dir/Drivers/STM32F1xx_HAL_Driver/Src/stm32f1xx_hal_rcc.c.obj
 .rodata.aPredivFactorTable.0
                0x08007924        0x2 CMakeFiles/BNO_Experiment.dir/Drivers/STM32F1xx_HAL_Driver/Src/stm32f1xx_hal_rcc.c.obj
 *fill*         0x08007926        0x2 
 .rodata.AHBPrescTable
                0x08007928       0x10 CMakeFiles/BNO_Experiment.dir/Core/Src/system_stm32f1xx.c.obj
                0x08007928                AHBPrescTable
 .rodata.APBPrescTable
                0x08007938        0x8 CMakeFiles/BNO_Experiment.dir/Core/Src/system_stm32f1xx.c.obj
                0x08007938                APBPrescTable
                0x08007940                        . = ALIGN (0x4)

.rel.dyn        0x08007940        0x0
 .rel.iplt      0x08007940        0x0 /usr/lib/gcc/arm-none-eabi/13.2.1/thumb/v7-m/nofp/crtbegin.o

.ARM.extab
 *(.ARM.extab* .gnu.linkonce.armextab.*)

.ARM            0x08007940        0x0
                0x08007940                        __exidx_start = .
 *(.ARM.exidx*)
                0x08007940                        __exidx_end = .

.preinit_array  0x08007940        0x0
                0x08007940                        PROVIDE (__preinit_array_start = .)
 *(.preinit_array*)
                0x08007940                        PROVIDE (__preinit_array_end = .)

.init_array     0x08007940        0x4
                0x08007940                        PROVIDE (__init_array_start = .)
 *(SORT_BY_NAME(.init_array.*))
 *(.init_array*)
 .init_array    0x08007940        0x4 /usr/lib/gcc/arm-none-eabi/13.2.1/thumb/v7-m/nofp/crtbegin.o
                0x08007944                        PROVIDE (__init_array_end = .)

.fini_array     0x08007944        0x4
                0x08007944                        PROVIDE (__fini_array_start = .)
 *(SORT_BY_NAME(.fini_array.*))
 *(.fini_array*)
 .fini_array    0x08007944        0x4 /usr/lib/gcc/arm-none-eabi/13.2.1/thumb/v7-m/nofp/crtbegin.o
                0x08007948                        PROVIDE (__fini_array_end = .)
                0x08007948                        _sidata = LOADADDR (.data)

.data           0x20000000      0x17c load address 0x08007948
                0x20000000                        . = ALIGN (0x4)
                0x20000000                        _sdata = .
 *(.data)
 *(.data*)
 .data.FS_Desc  0x20000000       0x1c CMakeFiles/BNO_Experiment.dir/USB_DEVICE/App/usbd_desc.c.obj
                0x20000000                FS_Desc
 .data.USBD_FS_DeviceDesc
                0x2000001c       0x12 CMakeFiles/BNO_Experiment.dir/USB_DEVICE/App/usbd_desc.c.obj
                0x2000001c                USBD_FS_DeviceDesc
 *fill*         0x2000002e        0x2 
 .data.USBD_LangIDDesc
                0x20000030        0x4 CMakeFiles/BNO_Experiment.dir/USB_DEVICE/App/usbd_desc.c.obj
                0x20000030                USBD_LangIDDesc
 .data.USBD_StringSerial
                0x20000034       0x1a CMakeFiles/BNO_Experiment.dir/USB_DEVICE/App/usbd_desc.c.obj
                0x20000034                USBD_StringSerial
 *fill*         0x2000004e        0x2 
 .data.USBD_Interface_fops_FS
                0x20000050       0x10 CMakeFiles/BNO_Experiment.dir/USB_DEVICE/App/usbd_cdc_if.c.obj
                0x20000050                USBD_Interface_fops_FS
 .data.uwTickPrio
                0x20000060        0x4 CMakeFiles/BNO_Experiment.dir/Drivers/STM32F1xx_HAL_Driver/Src/stm32f1xx_hal.c.obj
                0x20000060                uwTickPrio
 .data.uwTickFreq
                0x20000064        0x1 CMakeFiles/BNO_Experiment.dir/Drivers/STM32F1xx_HAL_Driver/Src/stm32f1xx_hal.c.obj
                0x20000064                uwTickFreq
 *fill*         0x20000065        0x3 
 .data.SystemCoreClock
                0x20000068        0x4 CMakeFiles/BNO_Experiment.dir/Core/Src/system_stm32f1xx.c.obj
                0x20000068                SystemCoreClock
 .data.USBD_CDC_DeviceQualifierDesc
                0x2000006c        0xa CMakeFiles/BNO_Experiment.dir/Middlewares/ST/STM32_USB_Device_Library/Class/CDC/Src/usbd_cdc.c.obj
 *fill*         0x20000076        0x2 
 .data.USBD_CDC
                0x20000078       0x38 CMakeFiles/BNO_Experiment.dir/Middlewares/ST/STM32_USB_Device_Library/Class/CDC/Src/usbd_cdc.c.obj
                0x20000078                USBD_CDC
 .data.USBD_CDC_CfgHSDesc
                0x200000b0       0x43 CMakeFiles/BNO_Experiment.dir/Middlewares/ST/STM32_USB_Device_Library/Class/CDC/Src/usbd_cdc.c.obj
                0x200000b0                USBD_CDC_CfgHSDesc
 *fill*         0x200000f3        0x1 
 .data.USBD_CDC_CfgFSDesc
                0x200000f4       0x43 CMakeFiles/BNO_Experiment.dir/Middlewares/ST/STM32_USB_Device_Library/Class/CDC/Src/usbd_cdc.c.obj
                0x200000f4                USBD_CDC_CfgFSDesc
 *fill*         0x20000137        0x1 
 .data.USBD_CDC_OtherSpeedCfgDesc
                0x20000138       0x43 CMakeFiles/BNO_Experiment.dir/Middlewares/ST/STM32_USB_Device_Library/Class/CDC/Src/usbd_cdc.c.obj
                0x20000138                USBD_CDC_OtherSpeedCfgDesc
                0x2000017c                        . = ALIGN (0x4)
 *fill*         0x2000017b        0x1 
                0x2000017c                        _edata = .

.tm_clone_table
                0x2000017c        0x0 load address 0x08007ac4
 .tm_clone_table
                0x2000017c        0x0 /usr/lib/gcc/arm-none-eabi/13.2.1/thumb/v7-m/nofp/crtbegin.o
 .tm_clone_table
                0x2000017c        0x0 /usr/lib/gcc/arm-none-eabi/13.2.1/thumb/v7-m/nofp/crtend.o

.igot.plt       0x2000017c        0x0 load address 0x08007ac4
 .igot.plt      0x2000017c        0x0 /usr/lib/gcc/arm-none-eabi/13.2.1/thumb/v7-m/nofp/crtbegin.o
                0x2000017c                        . = ALIGN (0x4)

.bss            0x2000017c     0x1228 load address 0x08007ac4
                0x2000017c                        _sbss = .
                0x2000017c                        __bss_start__ = _sbss
 *(.bss)
 .bss           0x2000017c       0x1c /usr/lib/gcc/arm-none-eabi/13.2.1/thumb/v7-m/nofp/crtbegin.o
 *(.bss*)
 .bss.huart3    0x20000198       0x48 CMakeFiles/BNO_Experiment.dir/Core/Src/usart.c.obj
                0x20000198                huart3
 .bss.hUsbDeviceFS
                0x200001e0      0x2c4 CMakeFiles/BNO_Experiment.dir/USB_DEVICE/App/usb_device.c.obj
                0x200001e0                hUsbDeviceFS
 .bss.USBD_StrDesc
                0x200004a4      0x200 CMakeFiles/BNO_Experiment.dir/USB_DEVICE/App/usbd_desc.c.obj
                0x200004a4                USBD_StrDesc
 .bss.UserRxBufferFS
                0x200006a4      0x400 CMakeFiles/BNO_Experiment.dir/USB_DEVICE/App/usbd_cdc_if.c.obj
                0x200006a4                UserRxBufferFS
 .bss.UserTxBufferFS
                0x20000aa4      0x400 CMakeFiles/BNO_Experiment.dir/USB_DEVICE/App/usbd_cdc_if.c.obj
                0x20000aa4                UserTxBufferFS
 .bss.hpcd_USB_FS
                0x20000ea4      0x2d8 CMakeFiles/BNO_Experiment.dir/USB_DEVICE/Target/usbd_conf.c.obj
                0x20000ea4                hpcd_USB_FS
 .bss.mem.0     0x2000117c      0x220 CMakeFiles/BNO_Experiment.dir/USB_DEVICE/Target/usbd_conf.c.obj
 .bss.uwTick    0x2000139c        0x4 CMakeFiles/BNO_Experiment.dir/Drivers/STM32F1xx_HAL_Driver/Src/stm32f1xx_hal.c.obj
                0x2000139c                uwTick
 .bss.cfgidx.0  0x200013a0        0x1 CMakeFiles/BNO_Experiment.dir/Middlewares/ST/STM32_USB_Device_Library/Core/Src/usbd_ctlreq.c.obj
 *(COMMON)
                0x200013a4                        . = ALIGN (0x4)
 *fill*         0x200013a1        0x3 
                0x200013a4                        _ebss = .
                0x200013a4                        __bss_end__ = _ebss

._user_heap_stack
                0x200013a4      0x604 load address 0x08007ac4
                0x200013a8                        . = ALIGN (0x8)
 *fill*         0x200013a4        0x4 
                [!provide]                        PROVIDE (end = .)
                0x200013a8                        PROVIDE (_end = .)
                0x200015a8                        . = (. + _Min_Heap_Size)
 *fill*         0x200013a8      0x200 
                0x200019a8                        . = (. + _Min_Stack_Size)
 *fill*         0x200015a8      0x400 
                0x200019a8                        . = ALIGN (0x8)

/DISCARD/
 libc.a(*)
 libm.a(*)
 libgcc.a(*)

.ARM.attributes
                0x00000000       0x29
 *(.ARM.attributes)
 .ARM.attributes
                0x00000000       0x1d /usr/lib/gcc/arm-none-eabi/13.2.1/thumb/v7-m/nofp/crti.o
 .ARM.attributes
                0x0000001d       0x2d /usr/lib/gcc/arm-none-eabi/13.2.1/thumb/v7-m/nofp/crtbegin.o
 .ARM.attributes
                0x0000004a       0x2d /usr/lib/gcc/arm-none-eabi/13.2.1/../../../arm-none-eabi/lib/thumb/v7-m/nofp/libc_nano.a(libc_a-init.o)
 .ARM.attributes
                0x00000077       0x2d /usr/lib/gcc/arm-none-eabi/13.2.1/../../../arm-none-eabi/lib/thumb/v7-m/nofp/libc_nano.a(libc_a-memset.o)
 .ARM.attributes
                0x000000a4       0x2d CMakeFiles/BNO_Experiment.dir/Core/Src/main.c.obj
 .ARM.attributes
                0x000000d1       0x2d CMakeFiles/BNO_Experiment.dir/Core/Src/gpio.c.obj
 .ARM.attributes
                0x000000fe       0x2d CMakeFiles/BNO_Experiment.dir/Core/Src/usart.c.obj
 .ARM.attributes
                0x0000012b       0x2d CMakeFiles/BNO_Experiment.dir/Core/Src/stm32f1xx_it.c.obj
 .ARM.attributes
                0x00000158       0x2d CMakeFiles/BNO_Experiment.dir/Core/Src/stm32f1xx_hal_msp.c.obj
 .ARM.attributes
                0x00000185       0x2d CMakeFiles/BNO_Experiment.dir/USB_DEVICE/App/usb_device.c.obj
 .ARM.attributes
                0x000001b2       0x2d CMakeFiles/BNO_Experiment.dir/USB_DEVICE/App/usbd_desc.c.obj
 .ARM.attributes
                0x000001df       0x2d CMakeFiles/BNO_Experiment.dir/USB_DEVICE/App/usbd_cdc_if.c.obj
 .ARM.attributes
                0x0000020c       0x2d CMakeFiles/BNO_Experiment.dir/USB_DEVICE/Target/usbd_conf.c.obj
 .ARM.attributes
                0x00000239       0x2d CMakeFiles/BNO_Experiment.dir/Drivers/STM32F1xx_HAL_Driver/Src/stm32f1xx_hal_pcd.c.obj
 .ARM.attributes
                0x00000266       0x2d CMakeFiles/BNO_Experiment.dir/Drivers/STM32F1xx_HAL_Driver/Src/stm32f1xx_hal_pcd_ex.c.obj
 .ARM.attributes
                0x00000293       0x2d CMakeFiles/BNO_Experiment.dir/Drivers/STM32F1xx_HAL_Driver/Src/stm32f1xx_ll_usb.c.obj
 .ARM.attributes
                0x000002c0       0x2d CMakeFiles/BNO_Experiment.dir/Drivers/STM32F1xx_HAL_Driver/Src/stm32f1xx_hal.c.obj
 .ARM.attributes
                0x000002ed       0x2d CMakeFiles/BNO_Experiment.dir/Drivers/STM32F1xx_HAL_Driver/Src/stm32f1xx_hal_rcc.c.obj
 .ARM.attributes
                0x0000031a       0x2d CMakeFiles/BNO_Experiment.dir/Drivers/STM32F1xx_HAL_Driver/Src/stm32f1xx_hal_rcc_ex.c.obj
 .ARM.attributes
                0x00000347       0x2d CMakeFiles/BNO_Experiment.dir/Drivers/STM32F1xx_HAL_Driver/Src/stm32f1xx_hal_gpio.c.obj
 .ARM.attributes
                0x00000374       0x2d CMakeFiles/BNO_Experiment.dir/Drivers/STM32F1xx_HAL_Driver/Src/stm32f1xx_hal_cortex.c.obj
 .ARM.attributes
                0x000003a1       0x2d CMakeFiles/BNO_Experiment.dir/Drivers/STM32F1xx_HAL_Driver/Src/stm32f1xx_hal_uart.c.obj
 .ARM.attributes
                0x000003ce       0x2d CMakeFiles/BNO_Experiment.dir/Core/Src/system_stm32f1xx.c.obj
 .ARM.attributes
                0x000003fb       0x2d CMakeFiles/BNO_Experiment.dir/Middlewares/ST/STM32_USB_Device_Library/Core/Src/usbd_core.c.obj
 .ARM.attributes
                0x00000428       0x2d CMakeFiles/BNO_Experiment.dir/Middlewares/ST/STM32_USB_Device_Library/Core/Src/usbd_ctlreq.c.obj
 .ARM.attributes
                0x00000455       0x2d CMakeFiles/BNO_Experiment.dir/Middlewares/ST/STM32_USB_Device_Library/Core/Src/usbd_ioreq.c.obj
 .ARM.attributes
                0x00000482       0x2d CMakeFiles/BNO_Experiment.dir/Middlewares/ST/STM32_USB_Device_Library/Class/CDC/Src/usbd_cdc.c.obj
 .ARM.attributes
                0x000004af       0x21 CMakeFiles/BNO_Experiment.dir/startup_stm32f103xb.s.obj
 .ARM.attributes
                0x000004d0       0x2d /usr/lib/gcc/arm-none-eabi/13.2.1/thumb/v7-m/nofp/crtend.o
 .ARM.attributes
                0x000004fd       0x1d /usr/lib/gcc/arm-none-eabi/13.2.1/thumb/v7-m/nofp/crtn.o
OUTPUT(BNO_Experiment.elf elf32-littlearm)
LOAD linker stubs
LOAD /usr/lib/gcc/arm-none-eabi/13.2.1/../../../arm-none-eabi/lib/thumb/v7-m/nofp/libc.a
LOAD /usr/lib/gcc/arm-none-eabi/13.2.1/../../../arm-none-eabi/lib/thumb/v7-m/nofp/libm.a
LOAD /usr/lib/gcc/arm-none-eabi/13.2.1/thumb/v7-m/nofp/libgcc.a

.comment        0x00000000       0x26
 .comment       0x00000000       0x26 /usr/lib/gcc/arm-none-eabi/13.2.1/thumb/v7-m/nofp/crtbegin.o
                                 0x27 (size before relaxing)
 .comment       0x00000026       0x27 /usr/lib/gcc/arm-none-eabi/13.2.1/../../../arm-none-eabi/lib/thumb/v7-m/nofp/libc_nano.a(libc_a-init.o)
 .comment       0x00000026       0x27 /usr/lib/gcc/arm-none-eabi/13.2.1/../../../arm-none-eabi/lib/thumb/v7-m/nofp/libc_nano.a(libc_a-memset.o)
 .comment       0x00000026       0x27 CMakeFiles/BNO_Experiment.dir/Core/Src/main.c.obj
 .comment       0x00000026       0x27 CMakeFiles/BNO_Experiment.dir/Core/Src/gpio.c.obj
 .comment       0x00000026       0x27 CMakeFiles/BNO_Experiment.dir/Core/Src/usart.c.obj
 .comment       0x00000026       0x27 CMakeFiles/BNO_Experiment.dir/Core/Src/stm32f1xx_it.c.obj
 .comment       0x00000026       0x27 CMakeFiles/BNO_Experiment.dir/Core/Src/stm32f1xx_hal_msp.c.obj
 .comment       0x00000026       0x27 CMakeFiles/BNO_Experiment.dir/USB_DEVICE/App/usb_device.c.obj
 .comment       0x00000026       0x27 CMakeFiles/BNO_Experiment.dir/USB_DEVICE/App/usbd_desc.c.obj
 .comment       0x00000026       0x27 CMakeFiles/BNO_Experiment.dir/USB_DEVICE/App/usbd_cdc_if.c.obj
 .comment       0x00000026       0x27 CMakeFiles/BNO_Experiment.dir/USB_DEVICE/Target/usbd_conf.c.obj
 .comment       0x00000026       0x27 CMakeFiles/BNO_Experiment.dir/Drivers/STM32F1xx_HAL_Driver/Src/stm32f1xx_hal_pcd.c.obj
 .comment       0x00000026       0x27 CMakeFiles/BNO_Experiment.dir/Drivers/STM32F1xx_HAL_Driver/Src/stm32f1xx_hal_pcd_ex.c.obj
 .comment       0x00000026       0x27 CMakeFiles/BNO_Experiment.dir/Drivers/STM32F1xx_HAL_Driver/Src/stm32f1xx_ll_usb.c.obj
 .comment       0x00000026       0x27 CMakeFiles/BNO_Experiment.dir/Drivers/STM32F1xx_HAL_Driver/Src/stm32f1xx_hal.c.obj
 .comment       0x00000026       0x27 CMakeFiles/BNO_Experiment.dir/Drivers/STM32F1xx_HAL_Driver/Src/stm32f1xx_hal_rcc.c.obj
 .comment       0x00000026       0x27 CMakeFiles/BNO_Experiment.dir/Drivers/STM32F1xx_HAL_Driver/Src/stm32f1xx_hal_rcc_ex.c.obj
 .comment       0x00000026       0x27 CMakeFiles/BNO_Experiment.dir/Drivers/STM32F1xx_HAL_Driver/Src/stm32f1xx_hal_gpio.c.obj
 .comment       0x00000026       0x27 CMakeFiles/BNO_Experiment.dir/Drivers/STM32F1xx_HAL_Driver/Src/stm32f1xx_hal_cortex.c.obj
 .comment       0x00000026       0x27 CMakeFiles/BNO_Experiment.dir/Drivers/STM32F1xx_HAL_Driver/Src/stm32f1xx_hal_uart.c.obj
 .comment       0x00000026       0x27 CMakeFiles/BNO_Experiment.dir/Core/Src/system_stm32f1xx.c.obj
 .comment       0x00000026       0x27 CMakeFiles/BNO_Experiment.dir/Middlewares/ST/STM32_USB_Device_Library/Core/Src/usbd_core.c.obj
 .comment       0x00000026       0x27 CMakeFiles/BNO_Experiment.dir/Middlewares/ST/STM32_USB_Device_Library/Core/Src/usbd_ctlreq.c.obj
 .comment       0x00000026       0x27 CMakeFiles/BNO_Experiment.dir/Middlewares/ST/STM32_USB_Device_Library/Core/Src/usbd_ioreq.c.obj
 .comment       0x00000026       0x27 CMakeFiles/BNO_Experiment.dir/Middlewares/ST/STM32_USB_Device_Library/Class/CDC/Src/usbd_cdc.c.obj
 .comment       0x00000026       0x27 /usr/lib/gcc/arm-none-eabi/13.2.1/thumb/v7-m/nofp/crtend.o

.debug_info     0x00000000     0xf327
 .debug_info    0x00000000      0x10b /usr/lib/gcc/arm-none-eabi/13.2.1/../../../arm-none-eabi/lib/thumb/v7-m/nofp/libc_nano.a(libc_a-init.o)
 .debug_info    0x0000010b      0x135 /usr/lib/gcc/arm-none-eabi/13.2.1/../../../arm-none-eabi/lib/thumb/v7-m/nofp/libc_nano.a(libc_a-memset.o)
 .debug_info    0x00000240      0x304 CMakeFiles/BNO_Experiment.dir/Core/Src/main.c.obj
 .debug_info    0x00000544      0x29f CMakeFiles/BNO_Experiment.dir/Core/Src/gpio.c.obj
 .debug_info    0x000007e3      0x774 CMakeFiles/BNO_Experiment.dir/Core/Src/usart.c.obj
 .debug_info    0x00000f57      0x5de CMakeFiles/BNO_Experiment.dir/Core/Src/stm32f1xx_it.c.obj
 .debug_info    0x00001535      0x1e5 CMakeFiles/BNO_Experiment.dir/Core/Src/stm32f1xx_hal_msp.c.obj
 .debug_info    0x0000171a      0x60d CMakeFiles/BNO_Experiment.dir/USB_DEVICE/App/usb_device.c.obj
 .debug_info    0x00001d27      0x426 CMakeFiles/BNO_Experiment.dir/USB_DEVICE/App/usbd_desc.c.obj
 .debug_info    0x0000214d      0x7bc CMakeFiles/BNO_Experiment.dir/USB_DEVICE/App/usbd_cdc_if.c.obj
 .debug_info    0x00002909     0x1840 CMakeFiles/BNO_Experiment.dir/USB_DEVICE/Target/usbd_conf.c.obj
 .debug_info    0x00004149     0x16b8 CMakeFiles/BNO_Experiment.dir/Drivers/STM32F1xx_HAL_Driver/Src/stm32f1xx_hal_pcd.c.obj
 .debug_info    0x00005801      0x69f CMakeFiles/BNO_Experiment.dir/Drivers/STM32F1xx_HAL_Driver/Src/stm32f1xx_hal_pcd_ex.c.obj
 .debug_info    0x00005ea0     0x178a CMakeFiles/BNO_Experiment.dir/Drivers/STM32F1xx_HAL_Driver/Src/stm32f1xx_ll_usb.c.obj
 .debug_info    0x0000762a      0x6f8 CMakeFiles/BNO_Experiment.dir/Drivers/STM32F1xx_HAL_Driver/Src/stm32f1xx_hal.c.obj
 .debug_info    0x00007d22      0x7b1 CMakeFiles/BNO_Experiment.dir/Drivers/STM32F1xx_HAL_Driver/Src/stm32f1xx_hal_rcc.c.obj
 .debug_info    0x000084d3      0x3a8 CMakeFiles/BNO_Experiment.dir/Drivers/STM32F1xx_HAL_Driver/Src/stm32f1xx_hal_rcc_ex.c.obj
 .debug_info    0x0000887b      0x593 CMakeFiles/BNO_Experiment.dir/Drivers/STM32F1xx_HAL_Driver/Src/stm32f1xx_hal_gpio.c.obj
 .debug_info    0x00008e0e      0xa63 CMakeFiles/BNO_Experiment.dir/Drivers/STM32F1xx_HAL_Driver/Src/stm32f1xx_hal_cortex.c.obj
 .debug_info    0x00009871     0x2ec9 CMakeFiles/BNO_Experiment.dir/Drivers/STM32F1xx_HAL_Driver/Src/stm32f1xx_hal_uart.c.obj
 .debug_info    0x0000c73a      0x208 CMakeFiles/BNO_Experiment.dir/Core/Src/system_stm32f1xx.c.obj
 .debug_info    0x0000c942      0xa2e CMakeFiles/BNO_Experiment.dir/Middlewares/ST/STM32_USB_Device_Library/Core/Src/usbd_core.c.obj
 .debug_info    0x0000d370      0x8f8 CMakeFiles/BNO_Experiment.dir/Middlewares/ST/STM32_USB_Device_Library/Core/Src/usbd_ctlreq.c.obj
 .debug_info    0x0000dc68      0x67c CMakeFiles/BNO_Experiment.dir/Middlewares/ST/STM32_USB_Device_Library/Core/Src/usbd_ioreq.c.obj
 .debug_info    0x0000e2e4     0x1013 CMakeFiles/BNO_Experiment.dir/Middlewares/ST/STM32_USB_Device_Library/Class/CDC/Src/usbd_cdc.c.obj
 .debug_info    0x0000f2f7       0x30 CMakeFiles/BNO_Experiment.dir/startup_stm32f103xb.s.obj

.debug_abbrev   0x00000000     0x3056
 .debug_abbrev  0x00000000       0xc9 /usr/lib/gcc/arm-none-eabi/13.2.1/../../../arm-none-eabi/lib/thumb/v7-m/nofp/libc_nano.a(libc_a-init.o)
 .debug_abbrev  0x000000c9       0xb7 /usr/lib/gcc/arm-none-eabi/13.2.1/../../../arm-none-eabi/lib/thumb/v7-m/nofp/libc_nano.a(libc_a-memset.o)
 .debug_abbrev  0x00000180      0x194 CMakeFiles/BNO_Experiment.dir/Core/Src/main.c.obj
 .debug_abbrev  0x00000314      0x13f CMakeFiles/BNO_Experiment.dir/Core/Src/gpio.c.obj
 .debug_abbrev  0x00000453      0x1e6 CMakeFiles/BNO_Experiment.dir/Core/Src/usart.c.obj
 .debug_abbrev  0x00000639      0x192 CMakeFiles/BNO_Experiment.dir/Core/Src/stm32f1xx_it.c.obj
 .debug_abbrev  0x000007cb       0xdb CMakeFiles/BNO_Experiment.dir/Core/Src/stm32f1xx_hal_msp.c.obj
 .debug_abbrev  0x000008a6      0x18d CMakeFiles/BNO_Experiment.dir/USB_DEVICE/App/usb_device.c.obj
 .debug_abbrev  0x00000a33      0x1ff CMakeFiles/BNO_Experiment.dir/USB_DEVICE/App/usbd_desc.c.obj
 .debug_abbrev  0x00000c32      0x25d CMakeFiles/BNO_Experiment.dir/USB_DEVICE/App/usbd_cdc_if.c.obj
 .debug_abbrev  0x00000e8f      0x316 CMakeFiles/BNO_Experiment.dir/USB_DEVICE/Target/usbd_conf.c.obj
 .debug_abbrev  0x000011a5      0x2d6 CMakeFiles/BNO_Experiment.dir/Drivers/STM32F1xx_HAL_Driver/Src/stm32f1xx_hal_pcd.c.obj
 .debug_abbrev  0x0000147b      0x189 CMakeFiles/BNO_Experiment.dir/Drivers/STM32F1xx_HAL_Driver/Src/stm32f1xx_hal_pcd_ex.c.obj
 .debug_abbrev  0x00001604      0x1de CMakeFiles/BNO_Experiment.dir/Drivers/STM32F1xx_HAL_Driver/Src/stm32f1xx_ll_usb.c.obj
 .debug_abbrev  0x000017e2      0x201 CMakeFiles/BNO_Experiment.dir/Drivers/STM32F1xx_HAL_Driver/Src/stm32f1xx_hal.c.obj
 .debug_abbrev  0x000019e3      0x2b3 CMakeFiles/BNO_Experiment.dir/Drivers/STM32F1xx_HAL_Driver/Src/stm32f1xx_hal_rcc.c.obj
 .debug_abbrev  0x00001c96      0x188 CMakeFiles/BNO_Experiment.dir/Drivers/STM32F1xx_HAL_Driver/Src/stm32f1xx_hal_rcc_ex.c.obj
 .debug_abbrev  0x00001e1e      0x1ca CMakeFiles/BNO_Experiment.dir/Drivers/STM32F1xx_HAL_Driver/Src/stm32f1xx_hal_gpio.c.obj
 .debug_abbrev  0x00001fe8      0x2f8 CMakeFiles/BNO_Experiment.dir/Drivers/STM32F1xx_HAL_Driver/Src/stm32f1xx_hal_cortex.c.obj
 .debug_abbrev  0x000022e0      0x2f8 CMakeFiles/BNO_Experiment.dir/Drivers/STM32F1xx_HAL_Driver/Src/stm32f1xx_hal_uart.c.obj
 .debug_abbrev  0x000025d8      0x140 CMakeFiles/BNO_Experiment.dir/Core/Src/system_stm32f1xx.c.obj
 .debug_abbrev  0x00002718      0x24a CMakeFiles/BNO_Experiment.dir/Middlewares/ST/STM32_USB_Device_Library/Core/Src/usbd_core.c.obj
 .debug_abbrev  0x00002962      0x26b CMakeFiles/BNO_Experiment.dir/Middlewares/ST/STM32_USB_Device_Library/Core/Src/usbd_ctlreq.c.obj
 .debug_abbrev  0x00002bcd      0x192 CMakeFiles/BNO_Experiment.dir/Middlewares/ST/STM32_USB_Device_Library/Core/Src/usbd_ioreq.c.obj
 .debug_abbrev  0x00002d5f      0x2d3 CMakeFiles/BNO_Experiment.dir/Middlewares/ST/STM32_USB_Device_Library/Class/CDC/Src/usbd_cdc.c.obj
 .debug_abbrev  0x00003032       0x24 CMakeFiles/BNO_Experiment.dir/startup_stm32f103xb.s.obj

.debug_loclists
                0x00000000      0x23c
 .debug_loclists
                0x00000000       0x65 /usr/lib/gcc/arm-none-eabi/13.2.1/../../../arm-none-eabi/lib/thumb/v7-m/nofp/libc_nano.a(libc_a-init.o)
 .debug_loclists
                0x00000065      0x1d7 /usr/lib/gcc/arm-none-eabi/13.2.1/../../../arm-none-eabi/lib/thumb/v7-m/nofp/libc_nano.a(libc_a-memset.o)

.debug_aranges  0x00000000      0xd00
 .debug_aranges
                0x00000000       0x20 /usr/lib/gcc/arm-none-eabi/13.2.1/../../../arm-none-eabi/lib/thumb/v7-m/nofp/libc_nano.a(libc_a-init.o)
 .debug_aranges
                0x00000020       0x20 /usr/lib/gcc/arm-none-eabi/13.2.1/../../../arm-none-eabi/lib/thumb/v7-m/nofp/libc_nano.a(libc_a-memset.o)
 .debug_aranges
                0x00000040       0x30 CMakeFiles/BNO_Experiment.dir/Core/Src/main.c.obj
 .debug_aranges
                0x00000070       0x20 CMakeFiles/BNO_Experiment.dir/Core/Src/gpio.c.obj
 .debug_aranges
                0x00000090       0x30 CMakeFiles/BNO_Experiment.dir/Core/Src/usart.c.obj
 .debug_aranges
                0x000000c0       0x68 CMakeFiles/BNO_Experiment.dir/Core/Src/stm32f1xx_it.c.obj
 .debug_aranges
                0x00000128       0x20 CMakeFiles/BNO_Experiment.dir/Core/Src/stm32f1xx_hal_msp.c.obj
 .debug_aranges
                0x00000148       0x20 CMakeFiles/BNO_Experiment.dir/USB_DEVICE/App/usb_device.c.obj
 .debug_aranges
                0x00000168       0x60 CMakeFiles/BNO_Experiment.dir/USB_DEVICE/App/usbd_desc.c.obj
 .debug_aranges
                0x000001c8       0x40 CMakeFiles/BNO_Experiment.dir/USB_DEVICE/App/usbd_cdc_if.c.obj
 .debug_aranges
                0x00000208      0x118 CMakeFiles/BNO_Experiment.dir/USB_DEVICE/Target/usbd_conf.c.obj
 .debug_aranges
                0x00000320      0x140 CMakeFiles/BNO_Experiment.dir/Drivers/STM32F1xx_HAL_Driver/Src/stm32f1xx_hal_pcd.c.obj
 .debug_aranges
                0x00000460       0x38 CMakeFiles/BNO_Experiment.dir/Drivers/STM32F1xx_HAL_Driver/Src/stm32f1xx_hal_pcd_ex.c.obj
 .debug_aranges
                0x00000498       0xf8 CMakeFiles/BNO_Experiment.dir/Drivers/STM32F1xx_HAL_Driver/Src/stm32f1xx_ll_usb.c.obj
 .debug_aranges
                0x00000590       0xe0 CMakeFiles/BNO_Experiment.dir/Drivers/STM32F1xx_HAL_Driver/Src/stm32f1xx_hal.c.obj
 .debug_aranges
                0x00000670       0x90 CMakeFiles/BNO_Experiment.dir/Drivers/STM32F1xx_HAL_Driver/Src/stm32f1xx_hal_rcc.c.obj
 .debug_aranges
                0x00000700       0x30 CMakeFiles/BNO_Experiment.dir/Drivers/STM32F1xx_HAL_Driver/Src/stm32f1xx_hal_rcc_ex.c.obj
 .debug_aranges
                0x00000730       0x58 CMakeFiles/BNO_Experiment.dir/Drivers/STM32F1xx_HAL_Driver/Src/stm32f1xx_hal_gpio.c.obj
 .debug_aranges
                0x00000788      0x100 CMakeFiles/BNO_Experiment.dir/Drivers/STM32F1xx_HAL_Driver/Src/stm32f1xx_hal_cortex.c.obj
 .debug_aranges
                0x00000888      0x208 CMakeFiles/BNO_Experiment.dir/Drivers/STM32F1xx_HAL_Driver/Src/stm32f1xx_hal_uart.c.obj
 .debug_aranges
                0x00000a90       0x28 CMakeFiles/BNO_Experiment.dir/Core/Src/system_stm32f1xx.c.obj
 .debug_aranges
                0x00000ab8       0xb8 CMakeFiles/BNO_Experiment.dir/Middlewares/ST/STM32_USB_Device_Library/Core/Src/usbd_core.c.obj
 .debug_aranges
                0x00000b70       0x88 CMakeFiles/BNO_Experiment.dir/Middlewares/ST/STM32_USB_Device_Library/Core/Src/usbd_ctlreq.c.obj
 .debug_aranges
                0x00000bf8       0x50 CMakeFiles/BNO_Experiment.dir/Middlewares/ST/STM32_USB_Device_Library/Core/Src/usbd_ioreq.c.obj
 .debug_aranges
                0x00000c48       0x90 CMakeFiles/BNO_Experiment.dir/Middlewares/ST/STM32_USB_Device_Library/Class/CDC/Src/usbd_cdc.c.obj
 .debug_aranges
                0x00000cd8       0x28 CMakeFiles/BNO_Experiment.dir/startup_stm32f103xb.s.obj

.debug_line     0x00000000     0xed6b
 .debug_line    0x00000000      0x11e /usr/lib/gcc/arm-none-eabi/13.2.1/../../../arm-none-eabi/lib/thumb/v7-m/nofp/libc_nano.a(libc_a-init.o)
 .debug_line    0x0000011e      0x1b1 /usr/lib/gcc/arm-none-eabi/13.2.1/../../../arm-none-eabi/lib/thumb/v7-m/nofp/libc_nano.a(libc_a-memset.o)
 .debug_line    0x000002cf      0x833 CMakeFiles/BNO_Experiment.dir/Core/Src/main.c.obj
 .debug_line    0x00000b02      0x500 CMakeFiles/BNO_Experiment.dir/Core/Src/gpio.c.obj
 .debug_line    0x00001002      0x55b CMakeFiles/BNO_Experiment.dir/Core/Src/usart.c.obj
 .debug_line    0x0000155d      0x5b8 CMakeFiles/BNO_Experiment.dir/Core/Src/stm32f1xx_it.c.obj
 .debug_line    0x00001b15      0x4f3 CMakeFiles/BNO_Experiment.dir/Core/Src/stm32f1xx_hal_msp.c.obj
 .debug_line    0x00002008      0x84c CMakeFiles/BNO_Experiment.dir/USB_DEVICE/App/usb_device.c.obj
 .debug_line    0x00002854      0x8b5 CMakeFiles/BNO_Experiment.dir/USB_DEVICE/App/usbd_desc.c.obj
 .debug_line    0x00003109      0x884 CMakeFiles/BNO_Experiment.dir/USB_DEVICE/App/usbd_cdc_if.c.obj
 .debug_line    0x0000398d      0xc3d CMakeFiles/BNO_Experiment.dir/USB_DEVICE/Target/usbd_conf.c.obj
 .debug_line    0x000045ca     0x1126 CMakeFiles/BNO_Experiment.dir/Drivers/STM32F1xx_HAL_Driver/Src/stm32f1xx_hal_pcd.c.obj
 .debug_line    0x000056f0      0x56b CMakeFiles/BNO_Experiment.dir/Drivers/STM32F1xx_HAL_Driver/Src/stm32f1xx_hal_pcd_ex.c.obj
 .debug_line    0x00005c5b      0xf11 CMakeFiles/BNO_Experiment.dir/Drivers/STM32F1xx_HAL_Driver/Src/stm32f1xx_ll_usb.c.obj
 .debug_line    0x00006b6c      0x7a1 CMakeFiles/BNO_Experiment.dir/Drivers/STM32F1xx_HAL_Driver/Src/stm32f1xx_hal.c.obj
 .debug_line    0x0000730d      0xc5a CMakeFiles/BNO_Experiment.dir/Drivers/STM32F1xx_HAL_Driver/Src/stm32f1xx_hal_rcc.c.obj
 .debug_line    0x00007f67      0x70b CMakeFiles/BNO_Experiment.dir/Drivers/STM32F1xx_HAL_Driver/Src/stm32f1xx_hal_rcc_ex.c.obj
 .debug_line    0x00008672      0x7fe CMakeFiles/BNO_Experiment.dir/Drivers/STM32F1xx_HAL_Driver/Src/stm32f1xx_hal_gpio.c.obj
 .debug_line    0x00008e70      0x96b CMakeFiles/BNO_Experiment.dir/Drivers/STM32F1xx_HAL_Driver/Src/stm32f1xx_hal_cortex.c.obj
 .debug_line    0x000097db     0x22bd CMakeFiles/BNO_Experiment.dir/Drivers/STM32F1xx_HAL_Driver/Src/stm32f1xx_hal_uart.c.obj
 .debug_line    0x0000ba98      0x570 CMakeFiles/BNO_Experiment.dir/Core/Src/system_stm32f1xx.c.obj
 .debug_line    0x0000c008      0xb86 CMakeFiles/BNO_Experiment.dir/Middlewares/ST/STM32_USB_Device_Library/Core/Src/usbd_core.c.obj
 .debug_line    0x0000cb8e      0xdbb CMakeFiles/BNO_Experiment.dir/Middlewares/ST/STM32_USB_Device_Library/Core/Src/usbd_ctlreq.c.obj
 .debug_line    0x0000d949      0x83c CMakeFiles/BNO_Experiment.dir/Middlewares/ST/STM32_USB_Device_Library/Core/Src/usbd_ioreq.c.obj
 .debug_line    0x0000e185      0xb6e CMakeFiles/BNO_Experiment.dir/Middlewares/ST/STM32_USB_Device_Library/Class/CDC/Src/usbd_cdc.c.obj
 .debug_line    0x0000ecf3       0x78 CMakeFiles/BNO_Experiment.dir/startup_stm32f103xb.s.obj

.debug_str      0x00000000    0x86a03
 .debug_str     0x00000000    0x86a03 /usr/lib/gcc/arm-none-eabi/13.2.1/../../../arm-none-eabi/lib/thumb/v7-m/nofp/libc_nano.a(libc_a-init.o)
                                0x1f2 (size before relaxing)
 .debug_str     0x00086a03      0x1a5 /usr/lib/gcc/arm-none-eabi/13.2.1/../../../arm-none-eabi/lib/thumb/v7-m/nofp/libc_nano.a(libc_a-memset.o)
 .debug_str     0x00086a03    0x83004 CMakeFiles/BNO_Experiment.dir/Core/Src/main.c.obj
 .debug_str     0x00086a03    0x7f02a CMakeFiles/BNO_Experiment.dir/Core/Src/gpio.c.obj
 .debug_str     0x00086a03    0x7f46e CMakeFiles/BNO_Experiment.dir/Core/Src/usart.c.obj
 .debug_str     0x00086a03    0x7f387 CMakeFiles/BNO_Experiment.dir/Core/Src/stm32f1xx_it.c.obj
 .debug_str     0x00086a03    0x7efbd CMakeFiles/BNO_Experiment.dir/Core/Src/stm32f1xx_hal_msp.c.obj
 .debug_str     0x00086a03    0x83600 CMakeFiles/BNO_Experiment.dir/USB_DEVICE/App/usb_device.c.obj
 .debug_str     0x00086a03    0x831ba CMakeFiles/BNO_Experiment.dir/USB_DEVICE/App/usbd_desc.c.obj
 .debug_str     0x00086a03    0x83626 CMakeFiles/BNO_Experiment.dir/USB_DEVICE/App/usbd_cdc_if.c.obj
 .debug_str     0x00086a03    0x84094 CMakeFiles/BNO_Experiment.dir/USB_DEVICE/Target/usbd_conf.c.obj
 .debug_str     0x00086a03    0x7f8c0 CMakeFiles/BNO_Experiment.dir/Drivers/STM32F1xx_HAL_Driver/Src/stm32f1xx_hal_pcd.c.obj
 .debug_str     0x00086a03    0x7f422 CMakeFiles/BNO_Experiment.dir/Drivers/STM32F1xx_HAL_Driver/Src/stm32f1xx_hal_pcd_ex.c.obj
 .debug_str     0x00086a03    0x7f474 CMakeFiles/BNO_Experiment.dir/Drivers/STM32F1xx_HAL_Driver/Src/stm32f1xx_ll_usb.c.obj
 .debug_str     0x00086a03    0x7f6eb CMakeFiles/BNO_Experiment.dir/Drivers/STM32F1xx_HAL_Driver/Src/stm32f1xx_hal.c.obj
 .debug_str     0x00086a03    0x7f3d2 CMakeFiles/BNO_Experiment.dir/Drivers/STM32F1xx_HAL_Driver/Src/stm32f1xx_hal_rcc.c.obj
 .debug_str     0x00086a03    0x7f12d CMakeFiles/BNO_Experiment.dir/Drivers/STM32F1xx_HAL_Driver/Src/stm32f1xx_hal_rcc_ex.c.obj
 .debug_str     0x00086a03    0x7f333 CMakeFiles/BNO_Experiment.dir/Drivers/STM32F1xx_HAL_Driver/Src/stm32f1xx_hal_gpio.c.obj
 .debug_str     0x00086a03    0x7f623 CMakeFiles/BNO_Experiment.dir/Drivers/STM32F1xx_HAL_Driver/Src/stm32f1xx_hal_cortex.c.obj
 .debug_str     0x00086a03    0x7fa43 CMakeFiles/BNO_Experiment.dir/Drivers/STM32F1xx_HAL_Driver/Src/stm32f1xx_hal_uart.c.obj
 .debug_str     0x00086a03    0x7efae CMakeFiles/BNO_Experiment.dir/Core/Src/system_stm32f1xx.c.obj
 .debug_str     0x00086a03    0x83437 CMakeFiles/BNO_Experiment.dir/Middlewares/ST/STM32_USB_Device_Library/Core/Src/usbd_core.c.obj
 .debug_str     0x00086a03    0x83351 CMakeFiles/BNO_Experiment.dir/Middlewares/ST/STM32_USB_Device_Library/Core/Src/usbd_ctlreq.c.obj
 .debug_str     0x00086a03    0x8327e CMakeFiles/BNO_Experiment.dir/Middlewares/ST/STM32_USB_Device_Library/Core/Src/usbd_ioreq.c.obj
 .debug_str     0x00086a03    0x83afe CMakeFiles/BNO_Experiment.dir/Middlewares/ST/STM32_USB_Device_Library/Class/CDC/Src/usbd_cdc.c.obj
 .debug_str     0x00086a03       0x8c CMakeFiles/BNO_Experiment.dir/startup_stm32f103xb.s.obj

.debug_frame    0x00000000     0x31a8
 .debug_frame   0x00000000       0x2c /usr/lib/gcc/arm-none-eabi/13.2.1/../../../arm-none-eabi/lib/thumb/v7-m/nofp/libc_nano.a(libc_a-init.o)
 .debug_frame   0x0000002c       0x2c /usr/lib/gcc/arm-none-eabi/13.2.1/../../../arm-none-eabi/lib/thumb/v7-m/nofp/libc_nano.a(libc_a-memset.o)
 .debug_frame   0x00000058       0x68 CMakeFiles/BNO_Experiment.dir/Core/Src/main.c.obj
 .debug_frame   0x000000c0       0x34 CMakeFiles/BNO_Experiment.dir/Core/Src/gpio.c.obj
 .debug_frame   0x000000f4       0x74 CMakeFiles/BNO_Experiment.dir/Core/Src/usart.c.obj
 .debug_frame   0x00000168      0x120 CMakeFiles/BNO_Experiment.dir/Core/Src/stm32f1xx_it.c.obj
 .debug_frame   0x00000288       0x38 CMakeFiles/BNO_Experiment.dir/Core/Src/stm32f1xx_hal_msp.c.obj
 .debug_frame   0x000002c0       0x2c CMakeFiles/BNO_Experiment.dir/USB_DEVICE/App/usb_device.c.obj
 .debug_frame   0x000002ec      0x160 CMakeFiles/BNO_Experiment.dir/USB_DEVICE/App/usbd_desc.c.obj
 .debug_frame   0x0000044c       0xbc CMakeFiles/BNO_Experiment.dir/USB_DEVICE/App/usbd_cdc_if.c.obj
 .debug_frame   0x00000508      0x4a4 CMakeFiles/BNO_Experiment.dir/USB_DEVICE/Target/usbd_conf.c.obj
 .debug_frame   0x000009ac      0x594 CMakeFiles/BNO_Experiment.dir/Drivers/STM32F1xx_HAL_Driver/Src/stm32f1xx_hal_pcd.c.obj
 .debug_frame   0x00000f40       0xb0 CMakeFiles/BNO_Experiment.dir/Drivers/STM32F1xx_HAL_Driver/Src/stm32f1xx_hal_pcd_ex.c.obj
 .debug_frame   0x00000ff0      0x470 CMakeFiles/BNO_Experiment.dir/Drivers/STM32F1xx_HAL_Driver/Src/stm32f1xx_ll_usb.c.obj
 .debug_frame   0x00001460      0x334 CMakeFiles/BNO_Experiment.dir/Drivers/STM32F1xx_HAL_Driver/Src/stm32f1xx_hal.c.obj
 .debug_frame   0x00001794      0x218 CMakeFiles/BNO_Experiment.dir/Drivers/STM32F1xx_HAL_Driver/Src/stm32f1xx_hal_rcc.c.obj
 .debug_frame   0x000019ac       0x80 CMakeFiles/BNO_Experiment.dir/Drivers/STM32F1xx_HAL_Driver/Src/stm32f1xx_hal_rcc_ex.c.obj
 .debug_frame   0x00001a2c      0x14c CMakeFiles/BNO_Experiment.dir/Drivers/STM32F1xx_HAL_Driver/Src/stm32f1xx_hal_gpio.c.obj
 .debug_frame   0x00001b78      0x428 CMakeFiles/BNO_Experiment.dir/Drivers/STM32F1xx_HAL_Driver/Src/stm32f1xx_hal_cortex.c.obj
 .debug_frame   0x00001fa0      0x944 CMakeFiles/BNO_Experiment.dir/Drivers/STM32F1xx_HAL_Driver/Src/stm32f1xx_hal_uart.c.obj
 .debug_frame   0x000028e4       0x58 CMakeFiles/BNO_Experiment.dir/Core/Src/system_stm32f1xx.c.obj
 .debug_frame   0x0000293c      0x300 CMakeFiles/BNO_Experiment.dir/Middlewares/ST/STM32_USB_Device_Library/Core/Src/usbd_core.c.obj
 .debug_frame   0x00002c3c      0x218 CMakeFiles/BNO_Experiment.dir/Middlewares/ST/STM32_USB_Device_Library/Core/Src/usbd_ctlreq.c.obj
 .debug_frame   0x00002e54      0x10c CMakeFiles/BNO_Experiment.dir/Middlewares/ST/STM32_USB_Device_Library/Core/Src/usbd_ioreq.c.obj
 .debug_frame   0x00002f60      0x248 CMakeFiles/BNO_Experiment.dir/Middlewares/ST/STM32_USB_Device_Library/Class/CDC/Src/usbd_cdc.c.obj

.debug_rnglists
                0x00000000      0x982
 .debug_rnglists
                0x00000000       0x20 CMakeFiles/BNO_Experiment.dir/Core/Src/main.c.obj
 .debug_rnglists
                0x00000020       0x14 CMakeFiles/BNO_Experiment.dir/Core/Src/gpio.c.obj
 .debug_rnglists
                0x00000034       0x20 CMakeFiles/BNO_Experiment.dir/Core/Src/usart.c.obj
 .debug_rnglists
                0x00000054       0x49 CMakeFiles/BNO_Experiment.dir/Core/Src/stm32f1xx_it.c.obj
 .debug_rnglists
                0x0000009d       0x13 CMakeFiles/BNO_Experiment.dir/Core/Src/stm32f1xx_hal_msp.c.obj
 .debug_rnglists
                0x000000b0       0x13 CMakeFiles/BNO_Experiment.dir/USB_DEVICE/App/usb_device.c.obj
 .debug_rnglists
                0x000000c3       0x43 CMakeFiles/BNO_Experiment.dir/USB_DEVICE/App/usbd_desc.c.obj
 .debug_rnglists
                0x00000106       0x2c CMakeFiles/BNO_Experiment.dir/USB_DEVICE/App/usbd_cdc_if.c.obj
 .debug_rnglists
                0x00000132       0xce CMakeFiles/BNO_Experiment.dir/USB_DEVICE/Target/usbd_conf.c.obj
 .debug_rnglists
                0x00000200       0xf4 CMakeFiles/BNO_Experiment.dir/Drivers/STM32F1xx_HAL_Driver/Src/stm32f1xx_hal_pcd.c.obj
 .debug_rnglists
                0x000002f4       0x26 CMakeFiles/BNO_Experiment.dir/Drivers/STM32F1xx_HAL_Driver/Src/stm32f1xx_hal_pcd_ex.c.obj
 .debug_rnglists
                0x0000031a       0xbd CMakeFiles/BNO_Experiment.dir/Drivers/STM32F1xx_HAL_Driver/Src/stm32f1xx_ll_usb.c.obj
 .debug_rnglists
                0x000003d7       0xa3 CMakeFiles/BNO_Experiment.dir/Drivers/STM32F1xx_HAL_Driver/Src/stm32f1xx_hal.c.obj
 .debug_rnglists
                0x0000047a       0x6c CMakeFiles/BNO_Experiment.dir/Drivers/STM32F1xx_HAL_Driver/Src/stm32f1xx_hal_rcc.c.obj
 .debug_rnglists
                0x000004e6       0x21 CMakeFiles/BNO_Experiment.dir/Drivers/STM32F1xx_HAL_Driver/Src/stm32f1xx_hal_rcc_ex.c.obj
 .debug_rnglists
                0x00000507       0x3f CMakeFiles/BNO_Experiment.dir/Drivers/STM32F1xx_HAL_Driver/Src/stm32f1xx_hal_gpio.c.obj
 .debug_rnglists
                0x00000546       0xbb CMakeFiles/BNO_Experiment.dir/Drivers/STM32F1xx_HAL_Driver/Src/stm32f1xx_hal_cortex.c.obj
 .debug_rnglists
                0x00000601      0x1bc CMakeFiles/BNO_Experiment.dir/Drivers/STM32F1xx_HAL_Driver/Src/stm32f1xx_hal_uart.c.obj
 .debug_rnglists
                0x000007bd       0x1a CMakeFiles/BNO_Experiment.dir/Core/Src/system_stm32f1xx.c.obj
 .debug_rnglists
                0x000007d7       0x89 CMakeFiles/BNO_Experiment.dir/Middlewares/ST/STM32_USB_Device_Library/Core/Src/usbd_core.c.obj
 .debug_rnglists
                0x00000860       0x68 CMakeFiles/BNO_Experiment.dir/Middlewares/ST/STM32_USB_Device_Library/Core/Src/usbd_ctlreq.c.obj
 .debug_rnglists
                0x000008c8       0x37 CMakeFiles/BNO_Experiment.dir/Middlewares/ST/STM32_USB_Device_Library/Core/Src/usbd_ioreq.c.obj
 .debug_rnglists
                0x000008ff       0x6a CMakeFiles/BNO_Experiment.dir/Middlewares/ST/STM32_USB_Device_Library/Class/CDC/Src/usbd_cdc.c.obj
 .debug_rnglists
                0x00000969       0x19 CMakeFiles/BNO_Experiment.dir/startup_stm32f103xb.s.obj

.debug_macro    0x00000000    0x19368
 .debug_macro   0x00000000      0x301 CMakeFiles/BNO_Experiment.dir/Core/Src/main.c.obj
 .debug_macro   0x00000301      0xacc CMakeFiles/BNO_Experiment.dir/Core/Src/main.c.obj
 .debug_macro   0x00000dcd      0x21b CMakeFiles/BNO_Experiment.dir/Core/Src/main.c.obj
 .debug_macro   0x00000fe8       0x2e CMakeFiles/BNO_Experiment.dir/Core/Src/main.c.obj
 .debug_macro   0x00001016       0x22 CMakeFiles/BNO_Experiment.dir/Core/Src/main.c.obj
 .debug_macro   0x00001038      0x34e CMakeFiles/BNO_Experiment.dir/Core/Src/main.c.obj
 .debug_macro   0x00001386       0x1c CMakeFiles/BNO_Experiment.dir/Core/Src/main.c.obj
 .debug_macro   0x000013a2       0x22 CMakeFiles/BNO_Experiment.dir/Core/Src/main.c.obj
 .debug_macro   0x000013c4       0xbd CMakeFiles/BNO_Experiment.dir/Core/Src/main.c.obj
 .debug_macro   0x00001481      0xd23 CMakeFiles/BNO_Experiment.dir/Core/Src/main.c.obj
 .debug_macro   0x000021a4     0xe09e CMakeFiles/BNO_Experiment.dir/Core/Src/main.c.obj
 .debug_macro   0x00010242       0x6d CMakeFiles/BNO_Experiment.dir/Core/Src/main.c.obj
 .debug_macro   0x000102af     0x34a2 CMakeFiles/BNO_Experiment.dir/Core/Src/main.c.obj
 .debug_macro   0x00013751      0x190 CMakeFiles/BNO_Experiment.dir/Core/Src/main.c.obj
 .debug_macro   0x000138e1       0x5c CMakeFiles/BNO_Experiment.dir/Core/Src/main.c.obj
 .debug_macro   0x0001393d      0x5bc CMakeFiles/BNO_Experiment.dir/Core/Src/main.c.obj
 .debug_macro   0x00013ef9      0x289 CMakeFiles/BNO_Experiment.dir/Core/Src/main.c.obj
 .debug_macro   0x00014182      0x1cb CMakeFiles/BNO_Experiment.dir/Core/Src/main.c.obj
 .debug_macro   0x0001434d      0x114 CMakeFiles/BNO_Experiment.dir/Core/Src/main.c.obj
 .debug_macro   0x00014461      0x1b2 CMakeFiles/BNO_Experiment.dir/Core/Src/main.c.obj
 .debug_macro   0x00014613       0x27 CMakeFiles/BNO_Experiment.dir/Core/Src/main.c.obj
 .debug_macro   0x0001463a      0x136 CMakeFiles/BNO_Experiment.dir/Core/Src/main.c.obj
 .debug_macro   0x00014770      0x1bc CMakeFiles/BNO_Experiment.dir/Core/Src/main.c.obj
 .debug_macro   0x0001492c       0x34 CMakeFiles/BNO_Experiment.dir/Core/Src/main.c.obj
 .debug_macro   0x00014960       0x3c CMakeFiles/BNO_Experiment.dir/Core/Src/main.c.obj
 .debug_macro   0x0001499c       0x57 CMakeFiles/BNO_Experiment.dir/Core/Src/main.c.obj
 .debug_macro   0x000149f3       0x87 CMakeFiles/BNO_Experiment.dir/Core/Src/main.c.obj
 .debug_macro   0x00014a7a      0x240 CMakeFiles/BNO_Experiment.dir/Core/Src/main.c.obj
 .debug_macro   0x00014cba      0x140 CMakeFiles/BNO_Experiment.dir/Core/Src/main.c.obj
 .debug_macro   0x00014dfa      0x28e CMakeFiles/BNO_Experiment.dir/Core/Src/main.c.obj
 .debug_macro   0x00015088       0xb7 CMakeFiles/BNO_Experiment.dir/Core/Src/main.c.obj
 .debug_macro   0x0001513f      0x242 CMakeFiles/BNO_Experiment.dir/Core/Src/main.c.obj
 .debug_macro   0x00015381       0x83 CMakeFiles/BNO_Experiment.dir/Core/Src/main.c.obj
 .debug_macro   0x00015404       0x10 CMakeFiles/BNO_Experiment.dir/Core/Src/main.c.obj
 .debug_macro   0x00015414       0x22 CMakeFiles/BNO_Experiment.dir/Core/Src/main.c.obj
 .debug_macro   0x00015436       0x60 CMakeFiles/BNO_Experiment.dir/Core/Src/main.c.obj
 .debug_macro   0x00015496       0x24 CMakeFiles/BNO_Experiment.dir/Core/Src/main.c.obj
 .debug_macro   0x000154ba       0x94 CMakeFiles/BNO_Experiment.dir/Core/Src/main.c.obj
 .debug_macro   0x0001554e       0x3c CMakeFiles/BNO_Experiment.dir/Core/Src/main.c.obj
 .debug_macro   0x0001558a       0x34 CMakeFiles/BNO_Experiment.dir/Core/Src/main.c.obj
 .debug_macro   0x000155be       0x16 CMakeFiles/BNO_Experiment.dir/Core/Src/main.c.obj
 .debug_macro   0x000155d4       0x57 CMakeFiles/BNO_Experiment.dir/Core/Src/main.c.obj
 .debug_macro   0x0001562b       0x3c CMakeFiles/BNO_Experiment.dir/Core/Src/main.c.obj
 .debug_macro   0x00015667      0x370 CMakeFiles/BNO_Experiment.dir/Core/Src/main.c.obj
 .debug_macro   0x000159d7       0x10 CMakeFiles/BNO_Experiment.dir/Core/Src/main.c.obj
 .debug_macro   0x000159e7       0x16 CMakeFiles/BNO_Experiment.dir/Core/Src/main.c.obj
 .debug_macro   0x000159fd       0x4a CMakeFiles/BNO_Experiment.dir/Core/Src/main.c.obj
 .debug_macro   0x00015a47       0x34 CMakeFiles/BNO_Experiment.dir/Core/Src/main.c.obj
 .debug_macro   0x00015a7b       0x10 CMakeFiles/BNO_Experiment.dir/Core/Src/main.c.obj
 .debug_macro   0x00015a8b       0x52 CMakeFiles/BNO_Experiment.dir/Core/Src/main.c.obj
 .debug_macro   0x00015add      0x1de CMakeFiles/BNO_Experiment.dir/Core/Src/main.c.obj
 .debug_macro   0x00015cbb       0x16 CMakeFiles/BNO_Experiment.dir/Core/Src/main.c.obj
 .debug_macro   0x00015cd1       0x16 CMakeFiles/BNO_Experiment.dir/Core/Src/main.c.obj
 .debug_macro   0x00015ce7      0x170 CMakeFiles/BNO_Experiment.dir/Core/Src/main.c.obj
 .debug_macro   0x00015e57       0x16 CMakeFiles/BNO_Experiment.dir/Core/Src/main.c.obj
 .debug_macro   0x00015e6d       0x16 CMakeFiles/BNO_Experiment.dir/Core/Src/main.c.obj
 .debug_macro   0x00015e83       0x29 CMakeFiles/BNO_Experiment.dir/Core/Src/main.c.obj
 .debug_macro   0x00015eac       0x16 CMakeFiles/BNO_Experiment.dir/Core/Src/main.c.obj
 .debug_macro   0x00015ec2       0x5f CMakeFiles/BNO_Experiment.dir/Core/Src/main.c.obj
 .debug_macro   0x00015f21      0x1c8 CMakeFiles/BNO_Experiment.dir/Core/Src/main.c.obj
 .debug_macro   0x000160e9      0x182 CMakeFiles/BNO_Experiment.dir/Core/Src/gpio.c.obj
 .debug_macro   0x0001626b      0x182 CMakeFiles/BNO_Experiment.dir/Core/Src/usart.c.obj
 .debug_macro   0x000163ed      0x182 CMakeFiles/BNO_Experiment.dir/Core/Src/stm32f1xx_it.c.obj
 .debug_macro   0x0001656f      0x178 CMakeFiles/BNO_Experiment.dir/Core/Src/stm32f1xx_hal_msp.c.obj
 .debug_macro   0x000166e7      0x334 CMakeFiles/BNO_Experiment.dir/USB_DEVICE/App/usb_device.c.obj
 .debug_macro   0x00016a1b       0x16 CMakeFiles/BNO_Experiment.dir/USB_DEVICE/App/usb_device.c.obj
 .debug_macro   0x00016a31       0x22 CMakeFiles/BNO_Experiment.dir/USB_DEVICE/App/usb_device.c.obj
 .debug_macro   0x00016a53       0x8f CMakeFiles/BNO_Experiment.dir/USB_DEVICE/App/usb_device.c.obj
 .debug_macro   0x00016ae2       0x16 CMakeFiles/BNO_Experiment.dir/USB_DEVICE/App/usb_device.c.obj
 .debug_macro   0x00016af8      0x33e CMakeFiles/BNO_Experiment.dir/USB_DEVICE/App/usbd_desc.c.obj
 .debug_macro   0x00016e36       0x9e CMakeFiles/BNO_Experiment.dir/USB_DEVICE/App/usbd_desc.c.obj
 .debug_macro   0x00016ed4      0x112 CMakeFiles/BNO_Experiment.dir/USB_DEVICE/App/usbd_desc.c.obj
 .debug_macro   0x00016fe6       0x56 CMakeFiles/BNO_Experiment.dir/USB_DEVICE/App/usbd_desc.c.obj
 .debug_macro   0x0001703c      0x1ce CMakeFiles/BNO_Experiment.dir/USB_DEVICE/App/usbd_desc.c.obj
 .debug_macro   0x0001720a       0x1c CMakeFiles/BNO_Experiment.dir/USB_DEVICE/App/usbd_desc.c.obj
 .debug_macro   0x00017226      0x325 CMakeFiles/BNO_Experiment.dir/USB_DEVICE/App/usbd_cdc_if.c.obj
 .debug_macro   0x0001754b       0x10 CMakeFiles/BNO_Experiment.dir/USB_DEVICE/App/usbd_cdc_if.c.obj
 .debug_macro   0x0001755b      0x318 CMakeFiles/BNO_Experiment.dir/USB_DEVICE/Target/usbd_conf.c.obj
 .debug_macro   0x00017873      0x175 CMakeFiles/BNO_Experiment.dir/Drivers/STM32F1xx_HAL_Driver/Src/stm32f1xx_hal_pcd.c.obj
 .debug_macro   0x000179e8      0x169 CMakeFiles/BNO_Experiment.dir/Drivers/STM32F1xx_HAL_Driver/Src/stm32f1xx_hal_pcd_ex.c.obj
 .debug_macro   0x00017b51      0x169 CMakeFiles/BNO_Experiment.dir/Drivers/STM32F1xx_HAL_Driver/Src/stm32f1xx_ll_usb.c.obj
 .debug_macro   0x00017cba      0x18d CMakeFiles/BNO_Experiment.dir/Drivers/STM32F1xx_HAL_Driver/Src/stm32f1xx_hal.c.obj
 .debug_macro   0x00017e47      0x17b CMakeFiles/BNO_Experiment.dir/Drivers/STM32F1xx_HAL_Driver/Src/stm32f1xx_hal_rcc.c.obj
 .debug_macro   0x00017fc2      0x169 CMakeFiles/BNO_Experiment.dir/Drivers/STM32F1xx_HAL_Driver/Src/stm32f1xx_hal_rcc_ex.c.obj
 .debug_macro   0x0001812b      0x1d4 CMakeFiles/BNO_Experiment.dir/Drivers/STM32F1xx_HAL_Driver/Src/stm32f1xx_hal_gpio.c.obj
 .debug_macro   0x000182ff      0x169 CMakeFiles/BNO_Experiment.dir/Drivers/STM32F1xx_HAL_Driver/Src/stm32f1xx_hal_cortex.c.obj
 .debug_macro   0x00018468      0x16a CMakeFiles/BNO_Experiment.dir/Drivers/STM32F1xx_HAL_Driver/Src/stm32f1xx_hal_uart.c.obj
 .debug_macro   0x000185d2      0x169 CMakeFiles/BNO_Experiment.dir/Core/Src/system_stm32f1xx.c.obj
 .debug_macro   0x0001873b      0x301 CMakeFiles/BNO_Experiment.dir/Middlewares/ST/STM32_USB_Device_Library/Core/Src/usbd_core.c.obj
 .debug_macro   0x00018a3c      0x30b CMakeFiles/BNO_Experiment.dir/Middlewares/ST/STM32_USB_Device_Library/Core/Src/usbd_ctlreq.c.obj
 .debug_macro   0x00018d47      0x307 CMakeFiles/BNO_Experiment.dir/Middlewares/ST/STM32_USB_Device_Library/Core/Src/usbd_ioreq.c.obj
 .debug_macro   0x0001904e      0x31a CMakeFiles/BNO_Experiment.dir/Middlewares/ST/STM32_USB_Device_Library/Class/CDC/Src/usbd_cdc.c.obj

.debug_line_str
                0x00000000       0x72
 .debug_line_str
                0x00000000       0x72 CMakeFiles/BNO_Experiment.dir/startup_stm32f103xb.s.obj
